Component: ARM Compiler 5.06 update 4 (build 422) Tool: armlink [4d35d2]

==============================================================================

Section Cross References

    main.o(i.main) refers to rt_memclr_w.o(.text) for __aeabi_memclr4
    main.o(i.main) refers to delay.o(i.delay_init) for delay_init
    main.o(i.main) refers to button.o(i.RelayGPIO_Init) for RelayGPIO_Init
    main.o(i.main) refers to main.o(i.test) for test
    main.o(i.main) refers to loadcode.o(i.LoadCodeP_Init) for LoadCodeP_Init
    main.o(i.main) refers to dctft.o(i.TFTUsart_init) for TFTUsart_init
    main.o(i.main) refers to motor.o(i.Motor_GPIO_Init) for Motor_GPIO_Init
    main.o(i.main) refers to ampere.o(i.Ampere_usart485_init) for Ampere_usart485_init
    main.o(i.main) refers to button.o(i.Button_HardInit) for Button_HardInit
    main.o(i.main) refers to htusart.o(i.ht_usart_Init) for ht_usart_Init
    main.o(i.main) refers to stm32f10x_gpio.o(i.GPIO_WriteBit) for GPIO_WriteBit
    main.o(i.main) refers to timer.o(i.Timer_Init) for Timer_Init
    main.o(i.main) refers to dctft.o(i.Rxdata_Cache) for Rxdata_Cache
    main.o(i.main) refers to dctft.o(i.Rxdata_Extract) for Rxdata_Extract
    main.o(i.main) refers to stepprocess.o(i.Data_Analy) for Data_Analy
    main.o(i.main) refers to loadcode.o(i.LoadCode_Process) for LoadCode_Process
    main.o(i.main) refers to loadcode.o(i.HintDisplay_Send) for HintDisplay_Send
    main.o(i.main) refers to htusart.o(i.htData_Analyze) for htData_Analyze
    main.o(i.main) refers to htusart.o(i.htData_Use) for htData_Use
    main.o(i.main) refers to stepprocess.o(i.Start_Testing) for Start_Testing
    main.o(i.main) refers to dctft.o(.bss) for DCRXdata
    main.o(i.main) refers to timer.o(.data) for led_test_time
    main.o(i.structInit_Test) refers to dataflash.o(.bss) for Para_Data
    main.o(i.test) refers to stm32f10x_rcc.o(i.RCC_APB2PeriphClockCmd) for RCC_APB2PeriphClockCmd
    main.o(i.test) refers to stm32f10x_gpio.o(i.GPIO_Init) for GPIO_Init
    main.o(i.test) refers to stm32f10x_gpio.o(i.GPIO_WriteBit) for GPIO_WriteBit
    dctft.o(i.DCData_Tx) refers to stm32f10x_usart.o(i.USART_SendData) for USART_SendData
    dctft.o(i.DCData_Tx) refers to stm32f10x_usart.o(i.USART_GetFlagStatus) for USART_GetFlagStatus
    dctft.o(i.Rxdata_Cache) refers to rt_memclr_w.o(.text) for __aeabi_memclr4
    dctft.o(i.Rxdata_Cache) refers to dctft.o(.bss) for DCRXdata
    dctft.o(i.Rxdata_Extract) refers to dctft.o(.bss) for DC_Analay
    dctft.o(i.TFTUsart_NvicConfig) refers to misc.o(i.NVIC_Init) for NVIC_Init
    dctft.o(i.TFTUsart_init) refers to stm32f10x_rcc.o(i.RCC_APB2PeriphClockCmd) for RCC_APB2PeriphClockCmd
    dctft.o(i.TFTUsart_init) refers to stm32f10x_gpio.o(i.GPIO_Init) for GPIO_Init
    dctft.o(i.TFTUsart_init) refers to stm32f10x_usart.o(i.USART_Init) for USART_Init
    dctft.o(i.TFTUsart_init) refers to dctft.o(i.TFTUsart_NvicConfig) for TFTUsart_NvicConfig
    dctft.o(i.TFTUsart_init) refers to stm32f10x_usart.o(i.USART_ITConfig) for USART_ITConfig
    dctft.o(i.TFTUsart_init) refers to stm32f10x_usart.o(i.USART_Cmd) for USART_Cmd
    dctft.o(i.USART1_IRQHandler) refers to stm32f10x_usart.o(i.USART_GetITStatus) for USART_GetITStatus
    dctft.o(i.USART1_IRQHandler) refers to stm32f10x_usart.o(i.USART_ClearITPendingBit) for USART_ClearITPendingBit
    dctft.o(i.USART1_IRQHandler) refers to stm32f10x_usart.o(i.USART_ReceiveData) for USART_ReceiveData
    dctft.o(i.USART1_IRQHandler) refers to dctft.o(.bss) for DCRXdata
    timer.o(i.TIM2_IRQHandler) refers to stm32f10x_tim.o(i.TIM_GetITStatus) for TIM_GetITStatus
    timer.o(i.TIM2_IRQHandler) refers to stm32f10x_tim.o(i.TIM_ClearFlag) for TIM_ClearFlag
    timer.o(i.TIM2_IRQHandler) refers to button.o(i.Button_Scan) for Button_Scan
    timer.o(i.TIM2_IRQHandler) refers to stm32f10x_gpio.o(i.GPIO_WriteBit) for GPIO_WriteBit
    timer.o(i.TIM2_IRQHandler) refers to dctft.o(.bss) for DCRXdata
    timer.o(i.TIM2_IRQHandler) refers to htusart.o(.bss) for htRxdata_P
    timer.o(i.TIM2_IRQHandler) refers to stepprocess.o(.bss) for TestStep
    timer.o(i.TIM2_IRQHandler) refers to timer.o(.data) for led_test_time
    timer.o(i.TIM2_IRQHandler) refers to ampere.o(.bss) for AmpereData
    timer.o(i.TIM2_IRQHandler) refers to loadcode.o(.bss) for LoadCodeP
    timer.o(i.TIM2_IRQHandler) refers to button.o(.bss) for ButtonP
    timer.o(i.TIM_NVIC_Config) refers to misc.o(i.NVIC_PriorityGroupConfig) for NVIC_PriorityGroupConfig
    timer.o(i.TIM_NVIC_Config) refers to misc.o(i.NVIC_Init) for NVIC_Init
    timer.o(i.Timer_Init) refers to stm32f10x_rcc.o(i.RCC_APB1PeriphClockCmd) for RCC_APB1PeriphClockCmd
    timer.o(i.Timer_Init) refers to stm32f10x_tim.o(i.TIM_TimeBaseInit) for TIM_TimeBaseInit
    timer.o(i.Timer_Init) refers to timer.o(i.TIM_NVIC_Config) for TIM_NVIC_Config
    timer.o(i.Timer_Init) refers to stm32f10x_tim.o(i.TIM_ClearFlag) for TIM_ClearFlag
[...]
    _get_argv_nomalloc.o(.text) refers (Special) to hrguard.o(.text) for __heap_region$guard
    _get_argv_nomalloc.o(.text) refers to defsig_rtmem_outer.o(.text) for __rt_SIGRTMEM
    _get_argv_nomalloc.o(.text) refers to sys_command.o(.text) for _sys_command_string
    libshutdown.o(.ARM.Collect$$libshutdown$$00000000) refers (Special) to libshutdown2.o(.ARM.Collect$$libshutdown$$00000002) for __rt_lib_shutdown_cpp_1
    libshutdown.o(.ARM.Collect$$libshutdown$$00000000) refers (Special) to libshutdown2.o(.ARM.Collect$$libshutdown$$00000007) for __rt_lib_shutdown_fp_trap_1
    libshutdown.o(.ARM.Collect$$libshutdown$$00000000) refers (Special) to libshutdown2.o(.ARM.Collect$$libshutdown$$0000000F) for __rt_lib_shutdown_heap_1
    libshutdown.o(.ARM.Collect$$libshutdown$$00000000) refers (Special) to libshutdown2.o(.ARM.Collect$$libshutdown$$00000010) for __rt_lib_shutdown_return
    libshutdown.o(.ARM.Collect$$libshutdown$$00000000) refers (Special) to libshutdown2.o(.ARM.Collect$$libshutdown$$0000000A) for __rt_lib_shutdown_signal_1
    libshutdown.o(.ARM.Collect$$libshutdown$$00000000) refers (Special) to libshutdown2.o(.ARM.Collect$$libshutdown$$00000004) for __rt_lib_shutdown_stdio_1
    libshutdown.o(.ARM.Collect$$libshutdown$$00000000) refers (Special) to libshutdown2.o(.ARM.Collect$$libshutdown$$0000000C) for __rt_lib_shutdown_user_alloc_1
    sys_command.o(.text) refers (Special) to use_no_semi.o(.text) for __I$use$semihosting
    sys_command.o(.text) refers (Special) to indicate_semi.o(.text) for __semihosting_library_function
    defsig_rtmem_outer.o(.text) refers to defsig_rtmem_inner.o(.text) for __rt_SIGRTMEM_inner
    defsig_rtmem_outer.o(.text) refers to defsig_exit.o(.text) for __sig_exit
    defsig_rtmem_formal.o(.text) refers to rt_raise.o(.text) for __rt_raise
    rt_raise.o(.text) refers to __raise.o(.text) for __raise
    rt_raise.o(.text) refers to sys_exit.o(.text) for _sys_exit
    defsig_exit.o(.text) refers to sys_exit.o(.text) for _sys_exit
    defsig_rtmem_inner.o(.text) refers to defsig_general.o(.text) for __default_signal_display
    __raise.o(.text) refers to defsig.o(CL$$defsig) for __default_signal_handler
    defsig_general.o(.text) refers to sys_wrch.o(.text) for _ttywrch
    sys_wrch.o(.text) refers (Special) to use_no_semi.o(.text) for __I$use$semihosting
    sys_wrch.o(.text) refers (Special) to indicate_semi.o(.text) for __semihosting_library_function
    defsig.o(CL$$defsig) refers to defsig_rtmem_inner.o(.text) for __rt_SIGRTMEM_inner
    defsig_abrt_inner.o(.text) refers to defsig_general.o(.text) for __default_signal_display
    defsig_fpe_inner.o(.text) refers to defsig_general.o(.text) for __default_signal_display
    defsig_rtred_inner.o(.text) refers to defsig_general.o(.text) for __default_signal_display
    defsig_stak_inner.o(.text) refers to defsig_general.o(.text) for __default_signal_display
    defsig_pvfn_inner.o(.text) refers to defsig_general.o(.text) for __default_signal_display
    defsig_cppl_inner.o(.text) refers to defsig_general.o(.text) for __default_signal_display
    defsig_segv_inner.o(.text) refers to defsig_general.o(.text) for __default_signal_display
    defsig_other.o(.text) refers to defsig_general.o(.text) for __default_signal_display


==============================================================================

Removing Unused input sections from the image.

    Removing main.o(i.structInit_Test), (100 bytes).
    Removing main.o(.bss), (10 bytes).
    Removing main.o(.data), (34 bytes).
    Removing stm32f10x_it.o(i.DEBUG_USART_IRQHandler), (2 bytes).
    Removing dataflash.o(i.System_Read_Flash), (60 bytes).
    Removing dataflash.o(i.System_Write_Flash), (368 bytes).
    Removing dataflash.o(i.WaitForFlashBSY), (36 bytes).
    Removing stepprocess.o(i.Read_TextPara_Send), (96 bytes).
    Removing button.o(i.Motor_Test), (140 bytes).
    Removing htusart.o(i.Num_Add), (40 bytes).
    Removing delay.o(i.delay_ms), (76 bytes).
    Removing idwg.o(i.idwg_Init), (36 bytes).
    Removing idwg.o(i.iwdg_feed), (8 bytes).
    Removing core_cm3.o(.emb_text), (32 bytes).
    Removing system_stm32f10x.o(i.SystemCoreClockUpdate), (164 bytes).
    Removing misc.o(i.NVIC_SetVectorTable), (20 bytes).
    Removing misc.o(i.NVIC_SystemLPConfig), (32 bytes).
    Removing stm32f10x_gpio.o(i.GPIO_AFIODeInit), (20 bytes).
    Removing stm32f10x_gpio.o(i.GPIO_DeInit), (200 bytes).
    Removing stm32f10x_gpio.o(i.GPIO_ETH_MediaInterfaceConfig), (12 bytes).
    Removing stm32f10x_gpio.o(i.GPIO_EXTILineConfig), (64 bytes).
    Removing stm32f10x_gpio.o(i.GPIO_EventOutputCmd), (12 bytes).
    Removing stm32f10x_gpio.o(i.GPIO_EventOutputConfig), (32 bytes).
    Removing stm32f10x_gpio.o(i.GPIO_PinLockConfig), (18 bytes).
    Removing stm32f10x_gpio.o(i.GPIO_PinRemapConfig), (144 bytes).
    Removing stm32f10x_gpio.o(i.GPIO_ReadInputData), (8 bytes).
    Removing stm32f10x_gpio.o(i.GPIO_ReadOutputData), (8 bytes).
    Removing stm32f10x_gpio.o(i.GPIO_ReadOutputDataBit), (18 bytes).
    Removing stm32f10x_gpio.o(i.GPIO_ResetBits), (4 bytes).
    Removing stm32f10x_gpio.o(i.GPIO_SetBits), (4 bytes).
    Removing stm32f10x_gpio.o(i.GPIO_StructInit), (16 bytes).
    Removing stm32f10x_gpio.o(i.GPIO_Write), (4 bytes).
    Removing stm32f10x_spi.o(i.I2S_Cmd), (24 bytes).
    Removing stm32f10x_spi.o(i.I2S_Init), (232 bytes).
    Removing stm32f10x_spi.o(i.I2S_StructInit), (20 bytes).
    Removing stm32f10x_spi.o(i.SPI_BiDirectionalLineConfig), (28 bytes).
    Removing stm32f10x_spi.o(i.SPI_CalculateCRC), (24 bytes).
    Removing stm32f10x_spi.o(i.SPI_Cmd), (24 bytes).
    Removing stm32f10x_spi.o(i.SPI_DataSizeConfig), (18 bytes).
    Removing stm32f10x_spi.o(i.SPI_GetCRC), (16 bytes).
    Removing stm32f10x_spi.o(i.SPI_GetCRCPolynomial), (6 bytes).
    Removing stm32f10x_spi.o(i.SPI_I2S_ClearFlag), (6 bytes).
    Removing stm32f10x_spi.o(i.SPI_I2S_ClearITPendingBit), (20 bytes).
    Removing stm32f10x_spi.o(i.SPI_I2S_DMACmd), (18 bytes).
    Removing stm32f10x_spi.o(i.SPI_I2S_DeInit), (88 bytes).
    Removing stm32f10x_spi.o(i.SPI_I2S_GetFlagStatus), (18 bytes).
    Removing stm32f10x_spi.o(i.SPI_I2S_GetITStatus), (52 bytes).
    Removing stm32f10x_spi.o(i.SPI_I2S_ITConfig), (32 bytes).
    Removing stm32f10x_spi.o(i.SPI_I2S_ReceiveData), (6 bytes).
    Removing stm32f10x_spi.o(i.SPI_I2S_SendData), (4 bytes).
    Removing stm32f10x_spi.o(i.SPI_Init), (60 bytes).
    Removing stm32f10x_spi.o(i.SPI_NSSInternalSoftwareConfig), (30 bytes).
    Removing stm32f10x_spi.o(i.SPI_SSOutputCmd), (24 bytes).
    Removing stm32f10x_spi.o(i.SPI_StructInit), (24 bytes).
    Removing stm32f10x_spi.o(i.SPI_TransmitCRC), (10 bytes).
    Removing stm32f10x_usart.o(i.USART_ClearFlag), (18 bytes).
    Removing stm32f10x_usart.o(i.USART_ClockInit), (34 bytes).
    Removing stm32f10x_usart.o(i.USART_ClockStructInit), (12 bytes).
    Removing stm32f10x_usart.o(i.USART_DMACmd), (18 bytes).
    Removing stm32f10x_usart.o(i.USART_DeInit), (156 bytes).
    Removing stm32f10x_usart.o(i.USART_HalfDuplexCmd), (24 bytes).
    Removing stm32f10x_usart.o(i.USART_IrDACmd), (24 bytes).
    Removing stm32f10x_usart.o(i.USART_IrDAConfig), (18 bytes).
    Removing stm32f10x_usart.o(i.USART_LINBreakDetectLengthConfig), (18 bytes).
    Removing stm32f10x_usart.o(i.USART_LINCmd), (24 bytes).
    Removing stm32f10x_usart.o(i.USART_OneBitMethodCmd), (24 bytes).
    Removing stm32f10x_usart.o(i.USART_OverSampling8Cmd), (22 bytes).
    Removing stm32f10x_usart.o(i.USART_ReceiverWakeUpCmd), (24 bytes).
    Removing stm32f10x_usart.o(i.USART_SendBreak), (10 bytes).
    Removing stm32f10x_usart.o(i.USART_SetAddress), (18 bytes).
    Removing stm32f10x_usart.o(i.USART_SetGuardTime), (16 bytes).
    Removing stm32f10x_usart.o(i.USART_SetPrescaler), (16 bytes).
    Removing stm32f10x_usart.o(i.USART_SmartCardCmd), (24 bytes).
    Removing stm32f10x_usart.o(i.USART_SmartCardNACKCmd), (24 bytes).
    Removing stm32f10x_usart.o(i.USART_StructInit), (24 bytes).
    Removing stm32f10x_usart.o(i.USART_WakeUpConfig), (18 bytes).
    Removing stm32f10x_wwdg.o(i.WWDG_ClearFlag), (12 bytes).
    Removing stm32f10x_wwdg.o(i.WWDG_DeInit), (22 bytes).
    Removing stm32f10x_wwdg.o(i.WWDG_Enable), (16 bytes).
    Removing stm32f10x_wwdg.o(i.WWDG_EnableIT), (12 bytes).
    Removing stm32f10x_wwdg.o(i.WWDG_GetFlagStatus), (12 bytes).
    Removing stm32f10x_wwdg.o(i.WWDG_SetCounter), (16 bytes).
    Removing stm32f10x_wwdg.o(i.WWDG_SetPrescaler), (24 bytes).
    Removing stm32f10x_wwdg.o(i.WWDG_SetWindowValue), (40 bytes).
    Removing stm32f10x_exti.o(i.EXTI_ClearFlag), (12 bytes).
    Removing stm32f10x_exti.o(i.EXTI_ClearITPendingBit), (12 bytes).
    Removing stm32f10x_exti.o(i.EXTI_DeInit), (36 bytes).
    Removing stm32f10x_exti.o(i.EXTI_GenerateSWInterrupt), (16 bytes).
    Removing stm32f10x_exti.o(i.EXTI_GetFlagStatus), (24 bytes).
    Removing stm32f10x_exti.o(i.EXTI_GetITStatus), (40 bytes).
    Removing stm32f10x_exti.o(i.EXTI_Init), (148 bytes).
    Removing stm32f10x_exti.o(i.EXTI_StructInit), (16 bytes).
    Removing stm32f10x_tim.o(i.TI1_Config), (128 bytes).
    Removing stm32f10x_tim.o(i.TI2_Config), (152 bytes).
    Removing stm32f10x_tim.o(i.TI3_Config), (144 bytes).
    Removing stm32f10x_tim.o(i.TI4_Config), (152 bytes).
    Removing stm32f10x_tim.o(i.TIM_ARRPreloadConfig), (24 bytes).
    Removing stm32f10x_tim.o(i.TIM_BDTRConfig), (32 bytes).
    Removing stm32f10x_tim.o(i.TIM_BDTRStructInit), (18 bytes).
    Removing stm32f10x_tim.o(i.TIM_CCPreloadControl), (24 bytes).
    Removing stm32f10x_tim.o(i.TIM_CCxCmd), (30 bytes).
    Removing stm32f10x_tim.o(i.TIM_CCxNCmd), (30 bytes).
    Removing stm32f10x_tim.o(i.TIM_ClearITPendingBit), (6 bytes).
    Removing stm32f10x_tim.o(i.TIM_ClearOC1Ref), (18 bytes).
    Removing stm32f10x_tim.o(i.TIM_ClearOC2Ref), (24 bytes).
    Removing stm32f10x_tim.o(i.TIM_ClearOC3Ref), (18 bytes).
    Removing stm32f10x_tim.o(i.TIM_ClearOC4Ref), (24 bytes).
    Removing stm32f10x_tim.o(i.TIM_CounterModeConfig), (18 bytes).
    Removing stm32f10x_tim.o(i.TIM_CtrlPWMOutputs), (30 bytes).
    Removing stm32f10x_tim.o(i.TIM_DMACmd), (18 bytes).
    Removing stm32f10x_tim.o(i.TIM_DMAConfig), (10 bytes).
    Removing stm32f10x_tim.o(i.TIM_DeInit), (488 bytes).
    Removing stm32f10x_tim.o(i.TIM_ETRClockMode1Config), (54 bytes).
    Removing stm32f10x_tim.o(i.TIM_ETRClockMode2Config), (32 bytes).
    Removing stm32f10x_tim.o(i.TIM_ETRConfig), (28 bytes).
    Removing stm32f10x_tim.o(i.TIM_EncoderInterfaceConfig), (66 bytes).
    Removing stm32f10x_tim.o(i.TIM_ForcedOC1Config), (18 bytes).
    Removing stm32f10x_tim.o(i.TIM_ForcedOC2Config), (26 bytes).
    Removing stm32f10x_tim.o(i.TIM_ForcedOC3Config), (18 bytes).
    Removing stm32f10x_tim.o(i.TIM_ForcedOC4Config), (26 bytes).
    Removing stm32f10x_tim.o(i.TIM_GenerateEvent), (4 bytes).
    Removing stm32f10x_tim.o(i.TIM_GetCapture1), (6 bytes).
    Removing stm32f10x_tim.o(i.TIM_GetCapture2), (6 bytes).
    Removing stm32f10x_tim.o(i.TIM_GetCapture3), (6 bytes).
    Removing stm32f10x_tim.o(i.TIM_GetCapture4), (8 bytes).
    Removing stm32f10x_tim.o(i.TIM_GetCounter), (6 bytes).
    Removing stm32f10x_tim.o(i.TIM_GetFlagStatus), (18 bytes).
    Removing stm32f10x_tim.o(i.TIM_GetPrescaler), (6 bytes).
    Removing stm32f10x_tim.o(i.TIM_ICInit), (172 bytes).
    Removing stm32f10x_tim.o(i.TIM_ICStructInit), (18 bytes).
    Removing stm32f10x_tim.o(i.TIM_ITRxExternalClockConfig), (24 bytes).
    Removing stm32f10x_tim.o(i.TIM_InternalClockConfig), (12 bytes).
    Removing stm32f10x_tim.o(i.TIM_OC1FastConfig), (18 bytes).
    Removing stm32f10x_tim.o(i.TIM_OC1Init), (152 bytes).
    Removing stm32f10x_tim.o(i.TIM_OC1NPolarityConfig), (18 bytes).
    Removing stm32f10x_tim.o(i.TIM_OC1PolarityConfig), (18 bytes).
    Removing stm32f10x_tim.o(i.TIM_OC1PreloadConfig), (18 bytes).
    Removing stm32f10x_tim.o(i.TIM_OC2FastConfig), (26 bytes).
    Removing stm32f10x_tim.o(i.TIM_OC2Init), (164 bytes).
    Removing stm32f10x_tim.o(i.TIM_OC2NPolarityConfig), (26 bytes).
    Removing stm32f10x_tim.o(i.TIM_OC2PolarityConfig), (26 bytes).
    Removing stm32f10x_tim.o(i.TIM_OC2PreloadConfig), (26 bytes).
    Removing stm32f10x_tim.o(i.TIM_OC3FastConfig), (18 bytes).
    Removing stm32f10x_tim.o(i.TIM_OC3Init), (160 bytes).
    Removing stm32f10x_tim.o(i.TIM_OC3NPolarityConfig), (26 bytes).
    Removing stm32f10x_tim.o(i.TIM_OC3PolarityConfig), (26 bytes).
    Removing stm32f10x_tim.o(i.TIM_OC3PreloadConfig), (18 bytes).
    Removing stm32f10x_tim.o(i.TIM_OC4FastConfig), (26 bytes).
    Removing stm32f10x_tim.o(i.TIM_OC4Init), (124 bytes).
    Removing stm32f10x_tim.o(i.TIM_OC4PolarityConfig), (26 bytes).
    Removing stm32f10x_tim.o(i.TIM_OC4PreloadConfig), (26 bytes).
    Removing stm32f10x_tim.o(i.TIM_OCStructInit), (20 bytes).
    Removing stm32f10x_tim.o(i.TIM_PWMIConfig), (124 bytes).
    Removing stm32f10x_tim.o(i.TIM_PrescalerConfig), (6 bytes).
    Removing stm32f10x_tim.o(i.TIM_SelectCCDMA), (24 bytes).
    Removing stm32f10x_tim.o(i.TIM_SelectCOM), (24 bytes).
    Removing stm32f10x_tim.o(i.TIM_SelectHallSensor), (24 bytes).
    Removing stm32f10x_tim.o(i.TIM_SelectInputTrigger), (18 bytes).
    Removing stm32f10x_tim.o(i.TIM_SelectMasterSlaveMode), (18 bytes).
    Removing stm32f10x_tim.o(i.TIM_SelectOCxM), (82 bytes).
    Removing stm32f10x_tim.o(i.TIM_SelectOnePulseMode), (18 bytes).
    Removing stm32f10x_tim.o(i.TIM_SelectOutputTrigger), (18 bytes).
    Removing stm32f10x_tim.o(i.TIM_SelectSlaveMode), (18 bytes).
    Removing stm32f10x_tim.o(i.TIM_SetAutoreload), (4 bytes).
    Removing stm32f10x_tim.o(i.TIM_SetClockDivision), (18 bytes).
    Removing stm32f10x_tim.o(i.TIM_SetCompare1), (4 bytes).
    Removing stm32f10x_tim.o(i.TIM_SetCompare2), (4 bytes).
    Removing stm32f10x_tim.o(i.TIM_SetCompare3), (4 bytes).
    Removing stm32f10x_tim.o(i.TIM_SetCompare4), (6 bytes).
    Removing stm32f10x_tim.o(i.TIM_SetCounter), (4 bytes).
    Removing stm32f10x_tim.o(i.TIM_SetIC1Prescaler), (18 bytes).
    Removing stm32f10x_tim.o(i.TIM_SetIC2Prescaler), (26 bytes).
    Removing stm32f10x_tim.o(i.TIM_SetIC3Prescaler), (18 bytes).
    Removing stm32f10x_tim.o(i.TIM_SetIC4Prescaler), (26 bytes).
    Removing stm32f10x_tim.o(i.TIM_TIxExternalClockConfig), (62 bytes).
    Removing stm32f10x_tim.o(i.TIM_TimeBaseStructInit), (18 bytes).
    Removing stm32f10x_tim.o(i.TIM_UpdateDisableConfig), (24 bytes).
    Removing stm32f10x_tim.o(i.TIM_UpdateRequestConfig), (24 bytes).
    Removing stm32f10x_rcc.o(i.RCC_ADCCLKConfig), (24 bytes).
    Removing stm32f10x_rcc.o(i.RCC_AHBPeriphClockCmd), (32 bytes).
    Removing stm32f10x_rcc.o(i.RCC_APB1PeriphResetCmd), (32 bytes).
    Removing stm32f10x_rcc.o(i.RCC_APB2PeriphResetCmd), (32 bytes).
    Removing stm32f10x_rcc.o(i.RCC_AdjustHSICalibrationValue), (24 bytes).
    Removing stm32f10x_rcc.o(i.RCC_BackupResetCmd), (12 bytes).
    Removing stm32f10x_rcc.o(i.RCC_ClearFlag), (20 bytes).
    Removing stm32f10x_rcc.o(i.RCC_ClearITPendingBit), (12 bytes).
    Removing stm32f10x_rcc.o(i.RCC_ClockSecuritySystemCmd), (12 bytes).
    Removing stm32f10x_rcc.o(i.RCC_DeInit), (76 bytes).
    Removing stm32f10x_rcc.o(i.RCC_GetFlagStatus), (60 bytes).
    Removing stm32f10x_rcc.o(i.RCC_GetITStatus), (24 bytes).
    Removing stm32f10x_rcc.o(i.RCC_GetSYSCLKSource), (16 bytes).
    Removing stm32f10x_rcc.o(i.RCC_HCLKConfig), (24 bytes).
    Removing stm32f10x_rcc.o(i.RCC_HSEConfig), (76 bytes).
    Removing stm32f10x_rcc.o(i.RCC_HSICmd), (12 bytes).
    Removing stm32f10x_rcc.o(i.RCC_ITConfig), (32 bytes).
    Removing stm32f10x_rcc.o(i.RCC_LSEConfig), (52 bytes).
    Removing stm32f10x_rcc.o(i.RCC_LSICmd), (12 bytes).
    Removing stm32f10x_rcc.o(i.RCC_MCOConfig), (12 bytes).
    Removing stm32f10x_rcc.o(i.RCC_PCLK1Config), (24 bytes).
    Removing stm32f10x_rcc.o(i.RCC_PCLK2Config), (24 bytes).
    Removing stm32f10x_rcc.o(i.RCC_PLLCmd), (12 bytes).
    Removing stm32f10x_rcc.o(i.RCC_PLLConfig), (28 bytes).
    Removing stm32f10x_rcc.o(i.RCC_RTCCLKCmd), (12 bytes).
    Removing stm32f10x_rcc.o(i.RCC_RTCCLKConfig), (16 bytes).
    Removing stm32f10x_rcc.o(i.RCC_SYSCLKConfig), (24 bytes).
    Removing stm32f10x_rcc.o(i.RCC_USBCLKConfig), (12 bytes).
    Removing stm32f10x_rcc.o(i.RCC_WaitForHSEStartUp), (56 bytes).
    Removing stm32f10x_flash.o(i.FLASH_ClearFlag), (12 bytes).
    Removing stm32f10x_flash.o(i.FLASH_EnableWriteProtection), (196 bytes).
    Removing stm32f10x_flash.o(i.FLASH_EraseAllBank1Pages), (72 bytes).
    Removing stm32f10x_flash.o(i.FLASH_EraseAllPages), (72 bytes).
    Removing stm32f10x_flash.o(i.FLASH_EraseOptionBytes), (168 bytes).
    Removing stm32f10x_flash.o(i.FLASH_ErasePage), (76 bytes).
    Removing stm32f10x_flash.o(i.FLASH_GetBank1Status), (52 bytes).
    Removing stm32f10x_flash.o(i.FLASH_GetFlagStatus), (48 bytes).
    Removing stm32f10x_flash.o(i.FLASH_GetPrefetchBufferStatus), (24 bytes).
    Removing stm32f10x_flash.o(i.FLASH_GetReadOutProtectionStatus), (24 bytes).
    Removing stm32f10x_flash.o(i.FLASH_GetStatus), (52 bytes).
    Removing stm32f10x_flash.o(i.FLASH_GetUserOptionByte), (12 bytes).
    Removing stm32f10x_flash.o(i.FLASH_GetWriteProtectionOptionByte), (12 bytes).
    Removing stm32f10x_flash.o(i.FLASH_HalfCycleAccessCmd), (28 bytes).
    Removing stm32f10x_flash.o(i.FLASH_ITConfig), (32 bytes).
    Removing stm32f10x_flash.o(i.FLASH_Lock), (20 bytes).
    Removing stm32f10x_flash.o(i.FLASH_LockBank1), (20 bytes).
    Removing stm32f10x_flash.o(i.FLASH_PrefetchBufferCmd), (28 bytes).
    Removing stm32f10x_flash.o(i.FLASH_ProgramHalfWord), (64 bytes).
    Removing stm32f10x_flash.o(i.FLASH_ProgramOptionByteData), (84 bytes).
    Removing stm32f10x_flash.o(i.FLASH_ProgramWord), (108 bytes).
    Removing stm32f10x_flash.o(i.FLASH_ReadOutProtection), (172 bytes).
    Removing stm32f10x_flash.o(i.FLASH_SetLatency), (24 bytes).
    Removing stm32f10x_flash.o(i.FLASH_Unlock), (24 bytes).
    Removing stm32f10x_flash.o(i.FLASH_UnlockBank1), (24 bytes).
    Removing stm32f10x_flash.o(i.FLASH_UserOptionByteConfig), (104 bytes).
    Removing stm32f10x_flash.o(i.FLASH_WaitForLastBank1Operation), (38 bytes).
    Removing stm32f10x_flash.o(i.FLASH_WaitForLastOperation), (38 bytes).
    Removing stm32f10x_iwdg.o(i.IWDG_Enable), (16 bytes).
    Removing stm32f10x_iwdg.o(i.IWDG_GetFlagStatus), (24 bytes).
    Removing stm32f10x_iwdg.o(i.IWDG_ReloadCounter), (16 bytes).
    Removing stm32f10x_iwdg.o(i.IWDG_SetPrescaler), (12 bytes).
    Removing stm32f10x_iwdg.o(i.IWDG_SetReload), (12 bytes).
    Removing stm32f10x_iwdg.o(i.IWDG_WriteAccessCmd), (12 bytes).

241 unused section(s) (total 9688 bytes) removed from the image.

==============================================================================

Image Symbol Table

    Local Symbols

    Symbol Name                              Value     Ov Type        Size  Object(Section)

    ../clib/angel/boardlib.s                 0x00000000   Number         0  boardshut.o ABSOLUTE
    ../clib/angel/boardlib.s                 0x00000000   Number         0  boardinit1.o ABSOLUTE
    ../clib/angel/boardlib.s                 0x00000000   Number         0  boardinit3.o ABSOLUTE
    ../clib/angel/boardlib.s                 0x00000000   Number         0  boardinit2.o ABSOLUTE
    ../clib/angel/handlers.s                 0x00000000   Number         0  __scatter_zi.o ABSOLUTE
    ../clib/angel/handlers.s                 0x00000000   Number         0  __scatter_copy.o ABSOLUTE
    ../clib/angel/kernel.s                   0x00000000   Number         0  rtexit.o ABSOLUTE
    ../clib/angel/kernel.s                   0x00000000   Number         0  __rtentry.o ABSOLUTE
    ../clib/angel/kernel.s                   0x00000000   Number         0  __rtentry2.o ABSOLUTE
    ../clib/angel/kernel.s                   0x00000000   Number         0  __rtentry4.o ABSOLUTE
    ../clib/angel/kernel.s                   0x00000000   Number         0  rtexit2.o ABSOLUTE
    ../clib/angel/rt.s                       0x00000000   Number         0  rt_raise.o ABSOLUTE
    ../clib/angel/scatter.s                  0x00000000   Number         0  __scatter.o ABSOLUTE
    ../clib/angel/startup.s                  0x00000000   Number         0  __main.o ABSOLUTE
    ../clib/angel/sys.s                      0x00000000   Number         0  libspace.o ABSOLUTE
    ../clib/angel/sys.s                      0x00000000   Number         0  sys_stackheap_outer.o ABSOLUTE
    ../clib/angel/sys.s                      0x00000000   Number         0  use_no_semi.o ABSOLUTE
    ../clib/angel/sys.s                      0x00000000   Number         0  indicate_semi.o ABSOLUTE
    ../clib/angel/sysapp.c                   0x00000000   Number         0  sys_exit.o ABSOLUTE
    ../clib/angel/sysapp.c                   0x00000000   Number         0  sys_command.o ABSOLUTE
    ../clib/angel/sysapp.c                   0x00000000   Number         0  sys_wrch.o ABSOLUTE
    ../clib/armsys.c                         0x00000000   Number         0  no_argv.o ABSOLUTE
    ../clib/armsys.c                         0x00000000   Number         0  argv_veneer.o ABSOLUTE
    ../clib/armsys.c                         0x00000000   Number         0  argv_veneer.o ABSOLUTE
    ../clib/armsys.c                         0x00000000   Number         0  _get_argv_nomalloc.o ABSOLUTE
    ../clib/heapalloc.c                      0x00000000   Number         0  hrguard.o ABSOLUTE
    ../clib/heapaux.c                        0x00000000   Number         0  heapauxi.o ABSOLUTE
    ../clib/libinit.s                        0x00000000   Number         0  libinit2.o ABSOLUTE
    ../clib/libinit.s                        0x00000000   Number         0  libinit.o ABSOLUTE
    ../clib/libinit.s                        0x00000000   Number         0  libshutdown2.o ABSOLUTE
    ../clib/libinit.s                        0x00000000   Number         0  libshutdown.o ABSOLUTE
    ../clib/memcpset.s                       0x00000000   Number         0  rt_memclr_w.o ABSOLUTE
    ../clib/signal.c                         0x00000000   Number         0  defsig_rtred_inner.o ABSOLUTE
    ../clib/signal.c                         0x00000000   Number         0  defsig_stak_inner.o ABSOLUTE
    ../clib/signal.c                         0x00000000   Number         0  defsig_general.o ABSOLUTE
    ../clib/signal.c                         0x00000000   Number         0  __raise.o ABSOLUTE
    ../clib/signal.c                         0x00000000   Number         0  defsig_rtmem_inner.o ABSOLUTE
    ../clib/signal.c                         0x00000000   Number         0  defsig_exit.o ABSOLUTE
    ../clib/signal.c                         0x00000000   Number         0  defsig_pvfn_inner.o ABSOLUTE
    ../clib/signal.c                         0x00000000   Number         0  defsig_cppl_inner.o ABSOLUTE
    ../clib/signal.c                         0x00000000   Number         0  defsig_rtmem_outer.o ABSOLUTE
    ../clib/signal.c                         0x00000000   Number         0  defsig_segv_inner.o ABSOLUTE
    ../clib/signal.c                         0x00000000   Number         0  defsig_other.o ABSOLUTE
    ../clib/signal.c                         0x00000000   Number         0  defsig_abrt_inner.o ABSOLUTE
    ../clib/signal.c                         0x00000000   Number         0  defsig_rtmem_formal.o ABSOLUTE
    ../clib/signal.c                         0x00000000   Number         0  defsig_fpe_inner.o ABSOLUTE
    ../clib/signal.s                         0x00000000   Number         0  defsig.o ABSOLUTE
    ../clib/stdlib.c                         0x00000000   Number         0  exit.o ABSOLUTE
    ../fplib/fpinit.s                        0x00000000   Number         0  fpinit.o ABSOLUTE
    ..\Libraries\CMSIS\core_cm3.c            0x00000000   Number         0  core_cm3.o ABSOLUTE
    ..\Libraries\CMSIS\startup\startup_stm32f10x_hd.s 0x00000000   Number         0  startup_stm32f10x_hd.o ABSOLUTE
    ..\Libraries\CMSIS\system_stm32f10x.c    0x00000000   Number         0  system_stm32f10x.o ABSOLUTE
    ..\Libraries\FWlib\src\misc.c            0x00000000   Number         0  misc.o ABSOLUTE
    ..\Libraries\FWlib\src\stm32f10x_exti.c  0x00000000   Number         0  stm32f10x_exti.o ABSOLUTE
    ..\Libraries\FWlib\src\stm32f10x_flash.c 0x00000000   Number         0  stm32f10x_flash.o ABSOLUTE
    ..\Libraries\FWlib\src\stm32f10x_gpio.c  0x00000000   Number         0  stm32f10x_gpio.o ABSOLUTE
    ..\Libraries\FWlib\src\stm32f10x_iwdg.c  0x00000000   Number         0  stm32f10x_iwdg.o ABSOLUTE
    ..\Libraries\FWlib\src\stm32f10x_rcc.c   0x00000000   Number         0  stm32f10x_rcc.o ABSOLUTE
    ..\Libraries\FWlib\src\stm32f10x_spi.c   0x00000000   Number         0  stm32f10x_spi.o ABSOLUTE
    ..\Libraries\FWlib\src\stm32f10x_tim.c   0x00000000   Number         0  stm32f10x_tim.o ABSOLUTE
    ..\Libraries\FWlib\src\stm32f10x_usart.c 0x00000000   Number         0  stm32f10x_usart.o ABSOLUTE
    ..\Libraries\FWlib\src\stm32f10x_wwdg.c  0x00000000   Number         0  stm32f10x_wwdg.o ABSOLUTE
    ..\User\Ampere.c                         0x00000000   Number         0  ampere.o ABSOLUTE
    ..\User\Button.c                         0x00000000   Number         0  button.o ABSOLUTE
    ..\User\DacaiTFT\DCTFT.c                 0x00000000   Number         0  dctft.o ABSOLUTE
    ..\User\DataFlash\DataFlash.c            0x00000000   Number         0  dataflash.o ABSOLUTE
    ..\User\Delay\Delay.c                    0x00000000   Number         0  delay.o ABSOLUTE
    ..\User\LoadCode\LoadCode.c              0x00000000   Number         0  loadcode.o ABSOLUTE
    ..\User\Motor\Motor.c                    0x00000000   Number         0  motor.o ABSOLUTE
    ..\User\StepProcess.c                    0x00000000   Number         0  stepprocess.o ABSOLUTE
    ..\User\Timer.c                          0x00000000   Number         0  timer.o ABSOLUTE
    ..\User\htusat\htusart.c                 0x00000000   Number         0  htusart.o ABSOLUTE
    ..\User\idwg.c                           0x00000000   Number         0  idwg.o ABSOLUTE
    ..\User\main.c                           0x00000000   Number         0  main.o ABSOLUTE
    ..\User\stm32f10x_it.c                   0x00000000   Number         0  stm32f10x_it.o ABSOLUTE
    ..\\Libraries\\CMSIS\\core_cm3.c         0x00000000   Number         0  core_cm3.o ABSOLUTE
    dc.s                                     0x00000000   Number         0  dc.o ABSOLUTE
    RESET                                    0x08000000   Section      304  startup_stm32f10x_hd.o(RESET)
    !!!main                                  0x08000130   Section        8  __main.o(!!!main)
    !!!scatter                               0x08000138   Section       52  __scatter.o(!!!scatter)
    !!handler_copy                           0x0800016c   Section       26  __scatter_copy.o(!!handler_copy)
    !!handler_zi                             0x08000188   Section       28  __scatter_zi.o(!!handler_zi)
    .ARM.Collect$$libinit$$00000000          0x080001a4   Section        2  libinit.o(.ARM.Collect$$libinit$$00000000)
    .ARM.Collect$$libinit$$00000002          0x080001a6   Section        0  libinit2.o(.ARM.Collect$$libinit$$00000002)
    .ARM.Collect$$libinit$$00000004          0x080001a6   Section        0  libinit2.o(.ARM.Collect$$libinit$$00000004)
    .ARM.Collect$$libinit$$0000000A          0x080001a6   Section        0  libinit2.o(.ARM.Collect$$libinit$$0000000A)
    .ARM.Collect$$libinit$$0000000C          0x080001a6   Section        0  libinit2.o(.ARM.Collect$$libinit$$0000000C)
    .ARM.Collect$$libinit$$0000000E          0x080001a6   Section        0  libinit2.o(.ARM.Collect$$libinit$$0000000E)
    .ARM.Collect$$libinit$$00000011          0x080001a6   Section        0  libinit2.o(.ARM.Collect$$libinit$$00000011)
    .ARM.Collect$$libinit$$00000013          0x080001a6   Section        0  libinit2.o(.ARM.Collect$$libinit$$00000013)
    .ARM.Collect$$libinit$$00000015          0x080001a6   Section        0  libinit2.o(.ARM.Collect$$libinit$$00000015)
    .ARM.Collect$$libinit$$00000017          0x080001a6   Section        0  libinit2.o(.ARM.Collect$$libinit$$00000017)
    .ARM.Collect$$libinit$$00000019          0x080001a6   Section        0  libinit2.o(.ARM.Collect$$libinit$$00000019)
    .ARM.Collect$$libinit$$0000001B          0x080001a6   Section        0  libinit2.o(.ARM.Collect$$libinit$$0000001B)
    .ARM.Collect$$libinit$$0000001D          0x080001a6   Section        0  libinit2.o(.ARM.Collect$$libinit$$0000001D)
    .ARM.Collect$$libinit$$0000001F          0x080001a6   Section        0  libinit2.o(.ARM.Collect$$libinit$$0000001F)
    .ARM.Collect$$libinit$$00000021          0x080001a6   Section        0  libinit2.o(.ARM.Collect$$libinit$$00000021)
    .ARM.Collect$$libinit$$00000023          0x080001a6   Section        0  libinit2.o(.ARM.Collect$$libinit$$00000023)
    .ARM.Collect$$libinit$$00000025          0x080001a6   Section        0  libinit2.o(.ARM.Collect$$libinit$$00000025)
    .ARM.Collect$$libinit$$0000002C          0x080001a6   Section        0  libinit2.o(.ARM.Collect$$libinit$$0000002C)
    .ARM.Collect$$libinit$$0000002E          0x080001a6   Section        0  libinit2.o(.ARM.Collect$$libinit$$0000002E)
    .ARM.Collect$$libinit$$00000030          0x080001a6   Section        0  libinit2.o(.ARM.Collect$$libinit$$00000030)
    .ARM.Collect$$libinit$$00000032          0x080001a6   Section        0  libinit2.o(.ARM.Collect$$libinit$$00000032)
    .ARM.Collect$$libinit$$00000033          0x080001a6   Section        2  libinit2.o(.ARM.Collect$$libinit$$00000033)
    .ARM.Collect$$libshutdown$$00000000      0x080001a8   Section        2  libshutdown.o(.ARM.Collect$$libshutdown$$00000000)
    .ARM.Collect$$libshutdown$$00000002      0x080001aa   Section        0  libshutdown2.o(.ARM.Collect$$libshutdown$$00000002)
    .ARM.Collect$$libshutdown$$00000004      0x080001aa   Section        0  libshutdown2.o(.ARM.Collect$$libshutdown$$00000004)
    .ARM.Collect$$libshutdown$$00000007      0x080001aa   Section        0  libshutdown2.o(.ARM.Collect$$libshutdown$$00000007)
    .ARM.Collect$$libshutdown$$0000000A      0x080001aa   Section        0  libshutdown2.o(.ARM.Collect$$libshutdown$$0000000A)
    .ARM.Collect$$libshutdown$$0000000C      0x080001aa   Section        0  libshutdown2.o(.ARM.Collect$$libshutdown$$0000000C)
    .ARM.Collect$$libshutdown$$0000000F      0x080001aa   Section        0  libshutdown2.o(.ARM.Collect$$libshutdown$$0000000F)
    .ARM.Collect$$libshutdown$$00000010      0x080001aa   Section        2  libshutdown2.o(.ARM.Collect$$libshutdown$$00000010)
    .ARM.Collect$$rtentry$$00000000          0x080001ac   Section        0  __rtentry.o(.ARM.Collect$$rtentry$$00000000)
    .ARM.Collect$$rtentry$$00000002          0x080001ac   Section        0  __rtentry2.o(.ARM.Collect$$rtentry$$00000002)
    .ARM.Collect$$rtentry$$00000004          0x080001ac   Section        6  __rtentry4.o(.ARM.Collect$$rtentry$$00000004)
    .ARM.Collect$$rtentry$$00000009          0x080001b2   Section        0  __rtentry2.o(.ARM.Collect$$rtentry$$00000009)
    .ARM.Collect$$rtentry$$0000000A          0x080001b2   Section        4  __rtentry2.o(.ARM.Collect$$rtentry$$0000000A)
    .ARM.Collect$$rtentry$$0000000C          0x080001b6   Section        0  __rtentry2.o(.ARM.Collect$$rtentry$$0000000C)
    .ARM.Collect$$rtentry$$0000000D          0x080001b6   Section        8  __rtentry2.o(.ARM.Collect$$rtentry$$0000000D)
    .ARM.Collect$$rtexit$$00000000           0x080001be   Section        2  rtexit.o(.ARM.Collect$$rtexit$$00000000)
    .ARM.Collect$$rtexit$$00000002           0x080001c0   Section        0  rtexit2.o(.ARM.Collect$$rtexit$$00000002)
    .ARM.Collect$$rtexit$$00000003           0x080001c0   Section        4  rtexit2.o(.ARM.Collect$$rtexit$$00000003)
    .ARM.Collect$$rtexit$$00000004           0x080001c4   Section        6  rtexit2.o(.ARM.Collect$$rtexit$$00000004)
    .text                                    0x080001cc   Section       64  startup_stm32f10x_hd.o(.text)
    .text                                    0x0800020c   Section       78  rt_memclr_w.o(.text)
    .text                                    0x0800025a   Section        0  heapauxi.o(.text)
    .text                                    0x08000260   Section       74  sys_stackheap_outer.o(.text)
    .text                                    0x080002aa   Section        0  exit.o(.text)
    .text                                    0x080002bc   Section        8  libspace.o(.text)
    .text                                    0x080002c4   Section        0  sys_exit.o(.text)
    .text                                    0x080002d0   Section        2  use_no_semi.o(.text)
    .text                                    0x080002d2   Section        0  indicate_semi.o(.text)
    i.AMData_Tx                              0x080002d4   Section        0  ampere.o(i.AMData_Tx)
    i.AMPara_Send                            0x0800032c   Section        0  ampere.o(i.AMPara_Send)
    i.AMRXDATA_Extract                       0x0800033c   Section        0  ampere.o(i.AMRXDATA_Extract)
    i.AMRxdata_Cache                         0x080003d4   Section        0  ampere.o(i.AMRxdata_Cache)
    i.AmpereUsart_NvicConfig                 0x0800046c   Section        0  ampere.o(i.AmpereUsart_NvicConfig)
    i.Ampere_usart485_init                   0x0800048c   Section        0  ampere.o(i.Ampere_usart485_init)
    i.BusFault_Handler                       0x08000544   Section        0  stm32f10x_it.o(i.BusFault_Handler)
    i.ButtonP_Init                           0x08000548   Section        0  button.o(i.ButtonP_Init)
    i.Button_HardInit                        0x08000568   Section        0  button.o(i.Button_HardInit)
    i.Button_Scan                            0x080005a8   Section        0  button.o(i.Button_Scan)
    i.Clear_TestSample                       0x080006ac   Section        0  stepprocess.o(i.Clear_TestSample)
    i.Com_Send                               0x08000700   Section        0  stepprocess.o(i.Com_Send)
    i.DCData_Tx                              0x0800077c   Section        0  dctft.o(i.DCData_Tx)
    i.Data3_Send                             0x080007bc   Section        0  stepprocess.o(i.Data3_Send)
    i.Data_Analy                             0x080008c4   Section        0  stepprocess.o(i.Data_Analy)
    i.Data_Deal_Send                         0x08000bc0   Section        0  stepprocess.o(i.Data_Deal_Send)
    i.DebugMon_Handler                       0x08000e2c   Section        0  stm32f10x_it.o(i.DebugMon_Handler)
    i.GPIO_Init                              0x08000e2e   Section        0  stm32f10x_gpio.o(i.GPIO_Init)
    i.GPIO_ReadInputDataBit                  0x08000f44   Section        0  stm32f10x_gpio.o(i.GPIO_ReadInputDataBit)
    i.GPIO_WriteBit                          0x08000f56   Section        0  stm32f10x_gpio.o(i.GPIO_WriteBit)
    i.HardFault_Handler                      0x08000f60   Section        0  stm32f10x_it.o(i.HardFault_Handler)
    i.HintDisplay_Send                       0x08000f64   Section        0  loadcode.o(i.HintDisplay_Send)
    i.HintYinCang_Send                       0x08000fac   Section        0  loadcode.o(i.HintYinCang_Send)
    i.LoadCodeP_Init                         0x08000fc8   Section        0  loadcode.o(i.LoadCodeP_Init)
    i.LoadCode_Process                       0x08000fdc   Section        0  loadcode.o(i.LoadCode_Process)
    i.MemManage_Handler                      0x0800109c   Section        0  stm32f10x_it.o(i.MemManage_Handler)
    i.Motor_GPIO_Init                        0x080010a0   Section        0  motor.o(i.Motor_GPIO_Init)
    i.NMI_Handler                            0x080010cc   Section        0  stm32f10x_it.o(i.NMI_Handler)
    i.NVIC_Init                              0x080010d0   Section        0  misc.o(i.NVIC_Init)
    i.NVIC_PriorityGroupConfig               0x08001140   Section        0  misc.o(i.NVIC_PriorityGroupConfig)
    i.PendSV_Handler                         0x08001154   Section        0  stm32f10x_it.o(i.PendSV_Handler)
    i.ProgressData_Send                      0x08001158   Section        0  stepprocess.o(i.ProgressData_Send)
    i.RCC_APB1PeriphClockCmd                 0x080011dc   Section        0  stm32f10x_rcc.o(i.RCC_APB1PeriphClockCmd)
    i.RCC_APB2PeriphClockCmd                 0x080011fc   Section        0  stm32f10x_rcc.o(i.RCC_APB2PeriphClockCmd)
    i.RCC_GetClocksFreq                      0x0800121c   Section        0  stm32f10x_rcc.o(i.RCC_GetClocksFreq)
    i.Read_Storage_Data                      0x080012f0   Section        0  stepprocess.o(i.Read_Storage_Data)
    i.Read_Storage_Send                      0x08001474   Section        0  stepprocess.o(i.Read_Storage_Send)
    i.RecData_Deal                           0x08001494   Section        0  stepprocess.o(i.RecData_Deal)
    i.RelayGPIO_Init                         0x080014bc   Section        0  button.o(i.RelayGPIO_Init)
    i.Rxdata_Cache                           0x080015ec   Section        0  dctft.o(i.Rxdata_Cache)
    i.Rxdata_Extract                         0x08001674   Section        0  dctft.o(i.Rxdata_Extract)
    i.SVC_Handler                            0x08001780   Section        0  stm32f10x_it.o(i.SVC_Handler)
    i.SetSysClock                            0x08001782   Section        0  system_stm32f10x.o(i.SetSysClock)
    SetSysClock                              0x08001783   Thumb Code     8  system_stm32f10x.o(i.SetSysClock)
    i.SetSysClockTo72                        0x0800178c   Section        0  system_stm32f10x.o(i.SetSysClockTo72)
    SetSysClockTo72                          0x0800178d   Thumb Code   214  system_stm32f10x.o(i.SetSysClockTo72)
    i.Start_Testing                          0x0800186c   Section        0  stepprocess.o(i.Start_Testing)
    i.Storage_Data                           0x0800207c   Section        0  stepprocess.o(i.Storage_Data)
    i.Stored_Data                            0x080022b4   Section        0  stepprocess.o(i.Stored_Data)
    i.SysTick_CLKSourceConfig                0x080023bc   Section        0  misc.o(i.SysTick_CLKSourceConfig)
    i.SysTick_Handler                        0x080023e4   Section        0  stm32f10x_it.o(i.SysTick_Handler)
    i.SystemInit                             0x080023e8   Section        0  system_stm32f10x.o(i.SystemInit)
    i.TFTUsart_NvicConfig                    0x08002448   Section        0  dctft.o(i.TFTUsart_NvicConfig)
    i.TFTUsart_init                          0x08002468   Section        0  dctft.o(i.TFTUsart_init)
    i.TIM2_IRQHandler                        0x080024f8   Section        0  timer.o(i.TIM2_IRQHandler)
    i.TIM_ClearFlag                          0x0800276c   Section        0  stm32f10x_tim.o(i.TIM_ClearFlag)
    i.TIM_Cmd                                0x08002772   Section        0  stm32f10x_tim.o(i.TIM_Cmd)
    i.TIM_GetITStatus                        0x0800278a   Section        0  stm32f10x_tim.o(i.TIM_GetITStatus)
    i.TIM_ITConfig                           0x080027ac   Section        0  stm32f10x_tim.o(i.TIM_ITConfig)
    i.TIM_NVIC_Config                        0x080027be   Section        0  timer.o(i.TIM_NVIC_Config)
    i.TIM_TimeBaseInit                       0x080027e8   Section        0  stm32f10x_tim.o(i.TIM_TimeBaseInit)
    i.Test_Step_Init                         0x0800288c   Section        0  stepprocess.o(i.Test_Step_Init)
    i.TextColor_Send                         0x080028d0   Section        0  stepprocess.o(i.TextColor_Send)
    i.Timer_Init                             0x080028f8   Section        0  timer.o(i.Timer_Init)
    i.USART1_IRQHandler                      0x0800294c   Section        0  dctft.o(i.USART1_IRQHandler)
    i.USART2_IRQHandler                      0x080029ac   Section        0  ampere.o(i.USART2_IRQHandler)
    i.USART3_IRQHandler                      0x08002a10   Section        0  htusart.o(i.USART3_IRQHandler)
    i.USART_ClearITPendingBit                0x08002a68   Section        0  stm32f10x_usart.o(i.USART_ClearITPendingBit)
    i.USART_Cmd                              0x08002a86   Section        0  stm32f10x_usart.o(i.USART_Cmd)
    i.USART_GetFlagStatus                    0x08002a9e   Section        0  stm32f10x_usart.o(i.USART_GetFlagStatus)
    i.USART_GetITStatus                      0x08002ab8   Section        0  stm32f10x_usart.o(i.USART_GetITStatus)
    i.USART_ITConfig                         0x08002b0c   Section        0  stm32f10x_usart.o(i.USART_ITConfig)
    i.USART_Init                             0x08002b58   Section        0  stm32f10x_usart.o(i.USART_Init)
    i.USART_ReceiveData                      0x08002c30   Section        0  stm32f10x_usart.o(i.USART_ReceiveData)
    i.USART_SendData                         0x08002c3a   Section        0  stm32f10x_usart.o(i.USART_SendData)
    i.UsageFault_Handler                     0x08002c42   Section        0  stm32f10x_it.o(i.UsageFault_Handler)
    i.crc16                                  0x08002c48   Section        0  ampere.o(i.crc16)
    i.delay_init                             0x08002c80   Section        0  delay.o(i.delay_init)
    i.delay_us                               0x08002cb8   Section        0  delay.o(i.delay_us)
    i.htData_Analyze                         0x08002d04   Section        0  htusart.o(i.htData_Analyze)
    i.htData_Tx                              0x08002d68   Section        0  htusart.o(i.htData_Tx)
    i.htData_Use                             0x08002da8   Section        0  htusart.o(i.htData_Use)
    i.htUsart_NvicConfig                     0x08002f74   Section        0  htusart.o(i.htUsart_NvicConfig)
    i.ht_usart_Init                          0x08002f98   Section        0  htusart.o(i.ht_usart_Init)
    i.main                                   0x08003034   Section        0  main.o(i.main)
    i.test                                   0x080030b8   Section        0  main.o(i.test)
    .constdata                               0x080030ec   Section      512  ampere.o(.constdata)
    .data                                    0x20000000   Section        4  timer.o(.data)
    .data                                    0x20000004   Section      106  stepprocess.o(.data)
    GanYing_Com                              0x2000006d   Data           1  stepprocess.o(.data)
    .data                                    0x2000006e   Section        8  ampere.o(.data)
    .data                                    0x20000076   Section        1  htusart.o(.data)
    Length                                   0x20000076   Data           1  htusart.o(.data)
    .data                                    0x20000078   Section        8  delay.o(.data)
    fac_us                                   0x20000078   Data           1  delay.o(.data)
    fac_ms                                   0x2000007c   Data           4  delay.o(.data)
    .data                                    0x20000080   Section       48  loadcode.o(.data)
    .data                                    0x200000b0   Section       20  system_stm32f10x.o(.data)
    .data                                    0x200000c4   Section       20  stm32f10x_rcc.o(.data)
    APBAHBPrescTable                         0x200000c4   Data          16  stm32f10x_rcc.o(.data)
    ADCPrescTable                            0x200000d4   Data           4  stm32f10x_rcc.o(.data)
    .bss                                     0x200000d8   Section     3112  dctft.o(.bss)
    .bss                                     0x20000d00   Section     1144  dataflash.o(.bss)
    sectorbufferTemp                         0x20000d78   Data        1024  dataflash.o(.bss)
    .bss                                     0x20001178   Section      144  stepprocess.o(.bss)
    .bss                                     0x20001208   Section       56  button.o(.bss)
    .bss                                     0x20001240   Section      272  ampere.o(.bss)
    .bss                                     0x20001350   Section       48  htusart.o(.bss)
    .bss                                     0x20001380   Section       16  loadcode.o(.bss)
    .bss                                     0x20001390   Section       96  libspace.o(.bss)
    HEAP                                     0x200013f0   Section      512  startup_stm32f10x_hd.o(HEAP)
    Heap_Mem                                 0x200013f0   Data         512  startup_stm32f10x_hd.o(HEAP)
    STACK                                    0x200015f0   Section     1024  startup_stm32f10x_hd.o(STACK)
    Stack_Mem                                0x200015f0   Data        1024  startup_stm32f10x_hd.o(STACK)
    __initial_sp                             0x200019f0   Data           0  startup_stm32f10x_hd.o(STACK)

    Global Symbols

    Symbol Name                              Value     Ov Type        Size  Object(Section)

    BuildAttributes$$THM_ISAv4$P$D$K$B$S$PE$A:L22UL41UL21$X:L11$S22US41US21$IEEE1$IW$USESV6$~STKCKD$USESV7$~SHL$OSPACE$ROPI$EBA8$UX$STANDARDLIB$REQ8$PRES8$EABIv2 0x00000000   Number         0  anon$$obj.o ABSOLUTE
    __ARM_use_no_argv                        0x00000000   Number         0  main.o ABSOLUTE
    __ARM_exceptions_init                     - Undefined Weak Reference
    __alloca_initialize                       - Undefined Weak Reference
    __arm_preinit_                            - Undefined Weak Reference
    __cpp_initialize__aeabi_                  - Undefined Weak Reference
    __cxa_finalize                            - Undefined Weak Reference
    __rt_locale                               - Undefined Weak Reference
    __sigvec_lookup                           - Undefined Weak Reference
    _atexit_init                              - Undefined Weak Reference
    _call_atexit_fns                          - Undefined Weak Reference
    _clock_init                               - Undefined Weak Reference
    _fp_trap_init                             - Undefined Weak Reference
    _fp_trap_shutdown                         - Undefined Weak Reference
    _get_lc_collate                           - Undefined Weak Reference
    _get_lc_ctype                             - Undefined Weak Reference
    _get_lc_monetary                          - Undefined Weak Reference
    _get_lc_numeric                           - Undefined Weak Reference
    _get_lc_time                              - Undefined Weak Reference
    _getenv_init                              - Undefined Weak Reference
    _handle_redirection                       - Undefined Weak Reference
    _init_alloc                               - Undefined Weak Reference
    _init_user_alloc                          - Undefined Weak Reference
    _initio                                   - Undefined Weak Reference
    _rand_init                                - Undefined Weak Reference
    _signal_finish                            - Undefined Weak Reference
    _signal_init                              - Undefined Weak Reference
    _terminate_alloc                          - Undefined Weak Reference
    _terminate_user_alloc                     - Undefined Weak Reference
    _terminateio                              - Undefined Weak Reference
    __Vectors_Size                           0x00000130   Number         0  startup_stm32f10x_hd.o ABSOLUTE
    __Vectors                                0x08000000   Data           4  startup_stm32f10x_hd.o(RESET)
    __Vectors_End                            0x08000130   Data           0  startup_stm32f10x_hd.o(RESET)
    __main                                   0x08000131   Thumb Code     8  __main.o(!!!main)
    __scatterload                            0x08000139   Thumb Code     0  __scatter.o(!!!scatter)
    __scatterload_rt2                        0x08000139   Thumb Code    44  __scatter.o(!!!scatter)
    __scatterload_rt2_thumb_only             0x08000139   Thumb Code     0  __scatter.o(!!!scatter)
    __scatterload_null                       0x08000147   Thumb Code     0  __scatter.o(!!!scatter)
    __scatterload_copy                       0x0800016d   Thumb Code    26  __scatter_copy.o(!!handler_copy)
    __scatterload_zeroinit                   0x08000189   Thumb Code    28  __scatter_zi.o(!!handler_zi)
    __rt_lib_init                            0x080001a5   Thumb Code     0  libinit.o(.ARM.Collect$$libinit$$00000000)
    __rt_lib_init_alloca_1                   0x080001a7   Thumb Code     0  libinit2.o(.ARM.Collect$$libinit$$0000002E)
    __rt_lib_init_argv_1                     0x080001a7   Thumb Code     0  libinit2.o(.ARM.Collect$$libinit$$0000002C)
    __rt_lib_init_atexit_1                   0x080001a7   Thumb Code     0  libinit2.o(.ARM.Collect$$libinit$$0000001B)
    __rt_lib_init_clock_1                    0x080001a7   Thumb Code     0  libinit2.o(.ARM.Collect$$libinit$$00000021)
    __rt_lib_init_cpp_1                      0x080001a7   Thumb Code     0  libinit2.o(.ARM.Collect$$libinit$$00000032)
    __rt_lib_init_exceptions_1               0x080001a7   Thumb Code     0  libinit2.o(.ARM.Collect$$libinit$$00000030)
    __rt_lib_init_fp_1                       0x080001a7   Thumb Code     0  libinit2.o(.ARM.Collect$$libinit$$00000002)
    __rt_lib_init_fp_trap_1                  0x080001a7   Thumb Code     0  libinit2.o(.ARM.Collect$$libinit$$0000001F)
    __rt_lib_init_getenv_1                   0x080001a7   Thumb Code     0  libinit2.o(.ARM.Collect$$libinit$$00000023)
    __rt_lib_init_heap_1                     0x080001a7   Thumb Code     0  libinit2.o(.ARM.Collect$$libinit$$0000000A)
    __rt_lib_init_lc_collate_1               0x080001a7   Thumb Code     0  libinit2.o(.ARM.Collect$$libinit$$00000011)
    __rt_lib_init_lc_ctype_1                 0x080001a7   Thumb Code     0  libinit2.o(.ARM.Collect$$libinit$$00000013)
    __rt_lib_init_lc_monetary_1              0x080001a7   Thumb Code     0  libinit2.o(.ARM.Collect$$libinit$$00000015)
    __rt_lib_init_lc_numeric_1               0x080001a7   Thumb Code     0  libinit2.o(.ARM.Collect$$libinit$$00000017)
    __rt_lib_init_lc_time_1                  0x080001a7   Thumb Code     0  libinit2.o(.ARM.Collect$$libinit$$00000019)
    __rt_lib_init_preinit_1                  0x080001a7   Thumb Code     0  libinit2.o(.ARM.Collect$$libinit$$00000004)
    __rt_lib_init_rand_1                     0x080001a7   Thumb Code     0  libinit2.o(.ARM.Collect$$libinit$$0000000E)
    __rt_lib_init_return                     0x080001a7   Thumb Code     0  libinit2.o(.ARM.Collect$$libinit$$00000033)
    __rt_lib_init_signal_1                   0x080001a7   Thumb Code     0  libinit2.o(.ARM.Collect$$libinit$$0000001D)
    __rt_lib_init_stdio_1                    0x080001a7   Thumb Code     0  libinit2.o(.ARM.Collect$$libinit$$00000025)
    __rt_lib_init_user_alloc_1               0x080001a7   Thumb Code     0  libinit2.o(.ARM.Collect$$libinit$$0000000C)
    __rt_lib_shutdown                        0x080001a9   Thumb Code     0  libshutdown.o(.ARM.Collect$$libshutdown$$00000000)
    __rt_lib_shutdown_cpp_1                  0x080001ab   Thumb Code     0  libshutdown2.o(.ARM.Collect$$libshutdown$$00000002)
    __rt_lib_shutdown_fp_trap_1              0x080001ab   Thumb Code     0  libshutdown2.o(.ARM.Collect$$libshutdown$$00000007)
    __rt_lib_shutdown_heap_1                 0x080001ab   Thumb Code     0  libshutdown2.o(.ARM.Collect$$libshutdown$$0000000F)
    __rt_lib_shutdown_return                 0x080001ab   Thumb Code     0  libshutdown2.o(.ARM.Collect$$libshutdown$$00000010)
    __rt_lib_shutdown_signal_1               0x080001ab   Thumb Code     0  libshutdown2.o(.ARM.Collect$$libshutdown$$0000000A)
    __rt_lib_shutdown_stdio_1                0x080001ab   Thumb Code     0  libshutdown2.o(.ARM.Collect$$libshutdown$$00000004)
    __rt_lib_shutdown_user_alloc_1           0x080001ab   Thumb Code     0  libshutdown2.o(.ARM.Collect$$libshutdown$$0000000C)
    __rt_entry                               0x080001ad   Thumb Code     0  __rtentry.o(.ARM.Collect$$rtentry$$00000000)
    __rt_entry_presh_1                       0x080001ad   Thumb Code     0  __rtentry2.o(.ARM.Collect$$rtentry$$00000002)
    __rt_entry_sh                            0x080001ad   Thumb Code     0  __rtentry4.o(.ARM.Collect$$rtentry$$00000004)
    __rt_entry_li                            0x080001b3   Thumb Code     0  __rtentry2.o(.ARM.Collect$$rtentry$$0000000A)
    __rt_entry_postsh_1                      0x080001b3   Thumb Code     0  __rtentry2.o(.ARM.Collect$$rtentry$$00000009)
    __rt_entry_main                          0x080001b7   Thumb Code     0  __rtentry2.o(.ARM.Collect$$rtentry$$0000000D)
    __rt_entry_postli_1                      0x080001b7   Thumb Code     0  __rtentry2.o(.ARM.Collect$$rtentry$$0000000C)
    __rt_exit                                0x080001bf   Thumb Code     0  rtexit.o(.ARM.Collect$$rtexit$$00000000)
    __rt_exit_ls                             0x080001c1   Thumb Code     0  rtexit2.o(.ARM.Collect$$rtexit$$00000003)
    __rt_exit_prels_1                        0x080001c1   Thumb Code     0  rtexit2.o(.ARM.Collect$$rtexit$$00000002)
    __rt_exit_exit                           0x080001c5   Thumb Code     0  rtexit2.o(.ARM.Collect$$rtexit$$00000004)
    Reset_Handler                            0x080001cd   Thumb Code     8  startup_stm32f10x_hd.o(.text)
    ADC1_2_IRQHandler                        0x080001e7   Thumb Code     0  startup_stm32f10x_hd.o(.text)
    ADC3_IRQHandler                          0x080001e7   Thumb Code     0  startup_stm32f10x_hd.o(.text)
    CAN1_RX1_IRQHandler                      0x080001e7   Thumb Code     0  startup_stm32f10x_hd.o(.text)
    CAN1_SCE_IRQHandler                      0x080001e7   Thumb Code     0  startup_stm32f10x_hd.o(.text)
    DMA1_Channel1_IRQHandler                 0x080001e7   Thumb Code     0  startup_stm32f10x_hd.o(.text)
    DMA1_Channel2_IRQHandler                 0x080001e7   Thumb Code     0  startup_stm32f10x_hd.o(.text)
    DMA1_Channel3_IRQHandler                 0x080001e7   Thumb Code     0  startup_stm32f10x_hd.o(.text)
    DMA1_Channel4_IRQHandler                 0x080001e7   Thumb Code     0  startup_stm32f10x_hd.o(.text)
    DMA1_Channel5_IRQHandler                 0x080001e7   Thumb Code     0  startup_stm32f10x_hd.o(.text)
    DMA1_Channel6_IRQHandler                 0x080001e7   Thumb Code     0  startup_stm32f10x_hd.o(.text)
    DMA1_Channel7_IRQHandler                 0x080001e7   Thumb Code     0  startup_stm32f10x_hd.o(.text)
    DMA2_Channel1_IRQHandler                 0x080001e7   Thumb Code     0  startup_stm32f10x_hd.o(.text)
    DMA2_Channel2_IRQHandler                 0x080001e7   Thumb Code     0  startup_stm32f10x_hd.o(.text)
    DMA2_Channel3_IRQHandler                 0x080001e7   Thumb Code     0  startup_stm32f10x_hd.o(.text)
    DMA2_Channel4_5_IRQHandler               0x080001e7   Thumb Code     0  startup_stm32f10x_hd.o(.text)
    EXTI0_IRQHandler                         0x080001e7   Thumb Code     0  startup_stm32f10x_hd.o(.text)
    EXTI15_10_IRQHandler                     0x080001e7   Thumb Code     0  startup_stm32f10x_hd.o(.text)
    EXTI1_IRQHandler                         0x080001e7   Thumb Code     0  startup_stm32f10x_hd.o(.text)
    EXTI2_IRQHandler                         0x080001e7   Thumb Code     0  startup_stm32f10x_hd.o(.text)
    EXTI3_IRQHandler                         0x080001e7   Thumb Code     0  startup_stm32f10x_hd.o(.text)
    EXTI4_IRQHandler                         0x080001e7   Thumb Code     0  startup_stm32f10x_hd.o(.text)
    EXTI9_5_IRQHandler                       0x080001e7   Thumb Code     0  startup_stm32f10x_hd.o(.text)
    FLASH_IRQHandler                         0x080001e7   Thumb Code     0  startup_stm32f10x_hd.o(.text)
    FSMC_IRQHandler                          0x080001e7   Thumb Code     0  startup_stm32f10x_hd.o(.text)
    I2C1_ER_IRQHandler                       0x080001e7   Thumb Code     0  startup_stm32f10x_hd.o(.text)
    I2C1_EV_IRQHandler                       0x080001e7   Thumb Code     0  startup_stm32f10x_hd.o(.text)
    I2C2_ER_IRQHandler                       0x080001e7   Thumb Code     0  startup_stm32f10x_hd.o(.text)
    I2C2_EV_IRQHandler                       0x080001e7   Thumb Code     0  startup_stm32f10x_hd.o(.text)
    PVD_IRQHandler                           0x080001e7   Thumb Code     0  startup_stm32f10x_hd.o(.text)
    RCC_IRQHandler                           0x080001e7   Thumb Code     0  startup_stm32f10x_hd.o(.text)
    RTCAlarm_IRQHandler                      0x080001e7   Thumb Code     0  startup_stm32f10x_hd.o(.text)
    RTC_IRQHandler                           0x080001e7   Thumb Code     0  startup_stm32f10x_hd.o(.text)
    SDIO_IRQHandler                          0x080001e7   Thumb Code     0  startup_stm32f10x_hd.o(.text)
    SPI1_IRQHandler                          0x080001e7   Thumb Code     0  startup_stm32f10x_hd.o(.text)
    SPI2_IRQHandler                          0x080001e7   Thumb Code     0  startup_stm32f10x_hd.o(.text)
    SPI3_IRQHandler                          0x080001e7   Thumb Code     0  startup_stm32f10x_hd.o(.text)
    TAMPER_IRQHandler                        0x080001e7   Thumb Code     0  startup_stm32f10x_hd.o(.text)
    TIM1_BRK_IRQHandler                      0x080001e7   Thumb Code     0  startup_stm32f10x_hd.o(.text)
    TIM1_CC_IRQHandler                       0x080001e7   Thumb Code     0  startup_stm32f10x_hd.o(.text)
    TIM1_TRG_COM_IRQHandler                  0x080001e7   Thumb Code     0  startup_stm32f10x_hd.o(.text)
    TIM1_UP_IRQHandler                       0x080001e7   Thumb Code     0  startup_stm32f10x_hd.o(.text)
    TIM3_IRQHandler                          0x080001e7   Thumb Code     0  startup_stm32f10x_hd.o(.text)
    TIM4_IRQHandler                          0x080001e7   Thumb Code     0  startup_stm32f10x_hd.o(.text)
    TIM5_IRQHandler                          0x080001e7   Thumb Code     0  startup_stm32f10x_hd.o(.text)
    TIM6_IRQHandler                          0x080001e7   Thumb Code     0  startup_stm32f10x_hd.o(.text)
    TIM7_IRQHandler                          0x080001e7   Thumb Code     0  startup_stm32f10x_hd.o(.text)
    TIM8_BRK_IRQHandler                      0x080001e7   Thumb Code     0  startup_stm32f10x_hd.o(.text)
    TIM8_CC_IRQHandler                       0x080001e7   Thumb Code     0  startup_stm32f10x_hd.o(.text)
    TIM8_TRG_COM_IRQHandler                  0x080001e7   Thumb Code     0  startup_stm32f10x_hd.o(.text)
    TIM8_UP_IRQHandler                       0x080001e7   Thumb Code     0  startup_stm32f10x_hd.o(.text)
    UART4_IRQHandler                         0x080001e7   Thumb Code     0  startup_stm32f10x_hd.o(.text)
    UART5_IRQHandler                         0x080001e7   Thumb Code     0  startup_stm32f10x_hd.o(.text)
    USBWakeUp_IRQHandler                     0x080001e7   Thumb Code     0  startup_stm32f10x_hd.o(.text)
    USB_HP_CAN1_TX_IRQHandler                0x080001e7   Thumb Code     0  startup_stm32f10x_hd.o(.text)
    USB_LP_CAN1_RX0_IRQHandler               0x080001e7   Thumb Code     0  startup_stm32f10x_hd.o(.text)
    WWDG_IRQHandler                          0x080001e7   Thumb Code     0  startup_stm32f10x_hd.o(.text)
    __user_initial_stackheap                 0x080001e9   Thumb Code     0  startup_stm32f10x_hd.o(.text)
    __aeabi_memclr4                          0x0800020d   Thumb Code     0  rt_memclr_w.o(.text)
    __aeabi_memclr8                          0x0800020d   Thumb Code     0  rt_memclr_w.o(.text)
    __rt_memclr_w                            0x0800020d   Thumb Code    78  rt_memclr_w.o(.text)
    _memset_w                                0x08000211   Thumb Code     0  rt_memclr_w.o(.text)
    __use_two_region_memory                  0x0800025b   Thumb Code     2  heapauxi.o(.text)
    __rt_heap_escrow$2region                 0x0800025d   Thumb Code     2  heapauxi.o(.text)
    __rt_heap_expand$2region                 0x0800025f   Thumb Code     2  heapauxi.o(.text)
    __user_setup_stackheap                   0x08000261   Thumb Code    74  sys_stackheap_outer.o(.text)
    exit                                     0x080002ab   Thumb Code    18  exit.o(.text)
    __user_libspace                          0x080002bd   Thumb Code     8  libspace.o(.text)
    __user_perproc_libspace                  0x080002bd   Thumb Code     0  libspace.o(.text)
    __user_perthread_libspace                0x080002bd   Thumb Code     0  libspace.o(.text)
    _sys_exit                                0x080002c5   Thumb Code     8  sys_exit.o(.text)
    __I$use$semihosting                      0x080002d1   Thumb Code     0  use_no_semi.o(.text)
    __use_no_semihosting_swi                 0x080002d1   Thumb Code     2  use_no_semi.o(.text)
    __semihosting_library_function           0x080002d3   Thumb Code     0  indicate_semi.o(.text)
    AMData_Tx                                0x080002d5   Thumb Code    78  ampere.o(i.AMData_Tx)
    AMPara_Send                              0x0800032d   Thumb Code    12  ampere.o(i.AMPara_Send)
    AMRXDATA_Extract                         0x0800033d   Thumb Code   146  ampere.o(i.AMRXDATA_Extract)
    AMRxdata_Cache                           0x080003d5   Thumb Code   146  ampere.o(i.AMRxdata_Cache)
    AmpereUsart_NvicConfig                   0x0800046d   Thumb Code    32  ampere.o(i.AmpereUsart_NvicConfig)
    Ampere_usart485_init                     0x0800048d   Thumb Code   170  ampere.o(i.Ampere_usart485_init)
    BusFault_Handler                         0x08000545   Thumb Code     4  stm32f10x_it.o(i.BusFault_Handler)
    ButtonP_Init                             0x08000549   Thumb Code    28  button.o(i.ButtonP_Init)
    Button_HardInit                          0x08000569   Thumb Code    56  button.o(i.Button_HardInit)
    Button_Scan                              0x080005a9   Thumb Code   246  button.o(i.Button_Scan)
    Clear_TestSample                         0x080006ad   Thumb Code    66  stepprocess.o(i.Clear_TestSample)
    Com_Send                                 0x08000701   Thumb Code   116  stepprocess.o(i.Com_Send)
    DCData_Tx                                0x0800077d   Thumb Code    58  dctft.o(i.DCData_Tx)
    Data3_Send                               0x080007bd   Thumb Code   256  stepprocess.o(i.Data3_Send)
    Data_Analy                               0x080008c5   Thumb Code   742  stepprocess.o(i.Data_Analy)
    Data_Deal_Send                           0x08000bc1   Thumb Code   620  stepprocess.o(i.Data_Deal_Send)
    DebugMon_Handler                         0x08000e2d   Thumb Code     2  stm32f10x_it.o(i.DebugMon_Handler)
    GPIO_Init                                0x08000e2f   Thumb Code   278  stm32f10x_gpio.o(i.GPIO_Init)
    GPIO_ReadInputDataBit                    0x08000f45   Thumb Code    18  stm32f10x_gpio.o(i.GPIO_ReadInputDataBit)
    GPIO_WriteBit                            0x08000f57   Thumb Code    10  stm32f10x_gpio.o(i.GPIO_WriteBit)
    HardFault_Handler                        0x08000f61   Thumb Code     4  stm32f10x_it.o(i.HardFault_Handler)
    HintDisplay_Send                         0x08000f65   Thumb Code    58  loadcode.o(i.HintDisplay_Send)
    HintYinCang_Send                         0x08000fad   Thumb Code    20  loadcode.o(i.HintYinCang_Send)
    LoadCodeP_Init                           0x08000fc9   Thumb Code    16  loadcode.o(i.LoadCodeP_Init)
    LoadCode_Process                         0x08000fdd   Thumb Code   170  loadcode.o(i.LoadCode_Process)
    MemManage_Handler                        0x0800109d   Thumb Code     4  stm32f10x_it.o(i.MemManage_Handler)
    Motor_GPIO_Init                          0x080010a1   Thumb Code    38  motor.o(i.Motor_GPIO_Init)
    NMI_Handler                              0x080010cd   Thumb Code     2  stm32f10x_it.o(i.NMI_Handler)
    NVIC_Init                                0x080010d1   Thumb Code   100  misc.o(i.NVIC_Init)
    NVIC_PriorityGroupConfig                 0x08001141   Thumb Code    10  misc.o(i.NVIC_PriorityGroupConfig)
    PendSV_Handler                           0x08001155   Thumb Code     2  stm32f10x_it.o(i.PendSV_Handler)
    ProgressData_Send                        0x08001159   Thumb Code   128  stepprocess.o(i.ProgressData_Send)
    RCC_APB1PeriphClockCmd                   0x080011dd   Thumb Code    26  stm32f10x_rcc.o(i.RCC_APB1PeriphClockCmd)
    RCC_APB2PeriphClockCmd                   0x080011fd   Thumb Code    26  stm32f10x_rcc.o(i.RCC_APB2PeriphClockCmd)
    RCC_GetClocksFreq                        0x0800121d   Thumb Code   192  stm32f10x_rcc.o(i.RCC_GetClocksFreq)
    Read_Storage_Data                        0x080012f1   Thumb Code   384  stepprocess.o(i.Read_Storage_Data)
    Read_Storage_Send                        0x08001475   Thumb Code    20  stepprocess.o(i.Read_Storage_Send)
    RecData_Deal                             0x08001495   Thumb Code    38  stepprocess.o(i.RecData_Deal)
    RelayGPIO_Init                           0x080014bd   Thumb Code   286  button.o(i.RelayGPIO_Init)
    Rxdata_Cache                             0x080015ed   Thumb Code   128  dctft.o(i.Rxdata_Cache)
    Rxdata_Extract                           0x08001675   Thumb Code   260  dctft.o(i.Rxdata_Extract)
    SVC_Handler                              0x08001781   Thumb Code     2  stm32f10x_it.o(i.SVC_Handler)
    Start_Testing                            0x0800186d   Thumb Code  2022  stepprocess.o(i.Start_Testing)
    Storage_Data                             0x0800207d   Thumb Code   560  stepprocess.o(i.Storage_Data)
    Stored_Data                              0x080022b5   Thumb Code   256  stepprocess.o(i.Stored_Data)
    SysTick_CLKSourceConfig                  0x080023bd   Thumb Code    40  misc.o(i.SysTick_CLKSourceConfig)
    SysTick_Handler                          0x080023e5   Thumb Code     2  stm32f10x_it.o(i.SysTick_Handler)
    SystemInit                               0x080023e9   Thumb Code    78  system_stm32f10x.o(i.SystemInit)
    TFTUsart_NvicConfig                      0x08002449   Thumb Code    30  dctft.o(i.TFTUsart_NvicConfig)
    TFTUsart_init                            0x08002469   Thumb Code   134  dctft.o(i.TFTUsart_init)
    TIM2_IRQHandler                          0x080024f9   Thumb Code   592  timer.o(i.TIM2_IRQHandler)
    TIM_ClearFlag                            0x0800276d   Thumb Code     6  stm32f10x_tim.o(i.TIM_ClearFlag)
    TIM_Cmd                                  0x08002773   Thumb Code    24  stm32f10x_tim.o(i.TIM_Cmd)
    TIM_GetITStatus                          0x0800278b   Thumb Code    34  stm32f10x_tim.o(i.TIM_GetITStatus)
    TIM_ITConfig                             0x080027ad   Thumb Code    18  stm32f10x_tim.o(i.TIM_ITConfig)
    TIM_NVIC_Config                          0x080027bf   Thumb Code    42  timer.o(i.TIM_NVIC_Config)
    TIM_TimeBaseInit                         0x080027e9   Thumb Code   122  stm32f10x_tim.o(i.TIM_TimeBaseInit)
    Test_Step_Init                           0x0800288d   Thumb Code    54  stepprocess.o(i.Test_Step_Init)
    TextColor_Send                           0x080028d1   Thumb Code    36  stepprocess.o(i.TextColor_Send)
    Timer_Init                               0x080028f9   Thumb Code    82  timer.o(i.Timer_Init)
    USART1_IRQHandler                        0x0800294d   Thumb Code    86  dctft.o(i.USART1_IRQHandler)
    USART2_IRQHandler                        0x080029ad   Thumb Code    92  ampere.o(i.USART2_IRQHandler)
    USART3_IRQHandler                        0x08002a11   Thumb Code    78  htusart.o(i.USART3_IRQHandler)
    USART_ClearITPendingBit                  0x08002a69   Thumb Code    30  stm32f10x_usart.o(i.USART_ClearITPendingBit)
    USART_Cmd                                0x08002a87   Thumb Code    24  stm32f10x_usart.o(i.USART_Cmd)
    USART_GetFlagStatus                      0x08002a9f   Thumb Code    26  stm32f10x_usart.o(i.USART_GetFlagStatus)
    USART_GetITStatus                        0x08002ab9   Thumb Code    84  stm32f10x_usart.o(i.USART_GetITStatus)
    USART_ITConfig                           0x08002b0d   Thumb Code    74  stm32f10x_usart.o(i.USART_ITConfig)
    USART_Init                               0x08002b59   Thumb Code   210  stm32f10x_usart.o(i.USART_Init)
    USART_ReceiveData                        0x08002c31   Thumb Code    10  stm32f10x_usart.o(i.USART_ReceiveData)
    USART_SendData                           0x08002c3b   Thumb Code     8  stm32f10x_usart.o(i.USART_SendData)
    UsageFault_Handler                       0x08002c43   Thumb Code     4  stm32f10x_it.o(i.UsageFault_Handler)
    crc16                                    0x08002c49   Thumb Code    46  ampere.o(i.crc16)
    delay_init                               0x08002c81   Thumb Code    40  delay.o(i.delay_init)
    delay_us                                 0x08002cb9   Thumb Code    72  delay.o(i.delay_us)
    htData_Analyze                           0x08002d05   Thumb Code    94  htusart.o(i.htData_Analyze)
    htData_Tx                                0x08002d69   Thumb Code    58  htusart.o(i.htData_Tx)
    htData_Use                               0x08002da9   Thumb Code   440  htusart.o(i.htData_Use)
    htUsart_NvicConfig                       0x08002f75   Thumb Code    34  htusart.o(i.htUsart_NvicConfig)
    ht_usart_Init                            0x08002f99   Thumb Code   144  htusart.o(i.ht_usart_Init)
    main                                     0x08003035   Thumb Code   120  main.o(i.main)
    test                                     0x080030b9   Thumb Code    48  main.o(i.test)
    auchCRCHi                                0x080030ec   Data         256  ampere.o(.constdata)
    auchCRCLo                                0x080031ec   Data         256  ampere.o(.constdata)
    Region$$Table$$Base                      0x080032ec   Number         0  anon$$obj.o(Region$$Table)
    Region$$Table$$Limit                     0x0800330c   Number         0  anon$$obj.o(Region$$Table)
    led_test_time                            0x20000000   Data           4  timer.o(.data)
    Start_ScreenId                           0x20000004   Data           1  stepprocess.o(.data)
    TestRead_ScreenID                        0x20000005   Data           1  stepprocess.o(.data)
    TextControl_id                           0x20000006   Data           9  stepprocess.o(.data)
    TextColor_Control                        0x2000000f   Data          13  stepprocess.o(.data)
    TextData_Control                         0x2000001c   Data          10  stepprocess.o(.data)
    TextStored_Id                            0x20000026   Data          18  stepprocess.o(.data)
    ReadTextControl_id                       0x20000038   Data          18  stepprocess.o(.data)
    ProgressRate                             0x2000004a   Data          15  stepprocess.o(.data)
    HWDIS                                    0x20000059   Data           5  stepprocess.o(.data)
    HWREAD                                   0x2000005e   Data           5  stepprocess.o(.data)
    DGREAD                                   0x20000063   Data           5  stepprocess.o(.data)
    METAL                                    0x20000068   Data           5  stepprocess.o(.data)
    Ampere_Control                           0x2000006e   Data           8  ampere.o(.data)
    DisplaySuccess                           0x20000080   Data          12  loadcode.o(.data)
    DisplayFault                             0x2000008c   Data          12  loadcode.o(.data)
    YinCangSuccess                           0x20000098   Data          12  loadcode.o(.data)
    YinCangFault                             0x200000a4   Data          12  loadcode.o(.data)
    SystemCoreClock                          0x200000b0   Data           4  system_stm32f10x.o(.data)
    AHBPrescTable                            0x200000b4   Data          16  system_stm32f10x.o(.data)
    DCRXdata                                 0x200000d8   Data        1044  dctft.o(.bss)
    DC_Analay                                0x200004ec   Data        2068  dctft.o(.bss)
    Para_Data                                0x20000d00   Data         120  dataflash.o(.bss)
    StorageBuffer                            0x20001178   Data          66  stepprocess.o(.bss)
    TestStep                                 0x200011bc   Data          24  stepprocess.o(.bss)
    TestPara                                 0x200011d4   Data          36  stepprocess.o(.bss)
    ComP                                     0x200011f8   Data          16  stepprocess.o(.bss)
    ButtonP                                  0x20001208   Data          56  button.o(.bss)
    AmpereData                               0x20001240   Data         272  ampere.o(.bss)
    htRxdata_P                               0x20001350   Data          48  htusart.o(.bss)
    LoadCodeP                                0x20001380   Data          16  loadcode.o(.bss)
    __libspace_start                         0x20001390   Data          96  libspace.o(.bss)
    __temporary_stack_top$libspace           0x200013f0   Data           0  libspace.o(.bss)



==============================================================================

Memory Map of the image

  Image Entry point : 0x08000131

  Load Region LR_IROM1 (Base: 0x08000000, Size: 0x000033e4, Max: 0x00080000, ABSOLUTE)

    Execution Region ER_IROM1 (Base: 0x08000000, Size: 0x0000330c, Max: 0x00080000, ABSOLUTE)

    Base Addr    Size         Type   Attr      Idx    E Section Name        Object

    0x08000000   0x00000130   Data   RO          701    RESET               startup_stm32f10x_hd.o
    0x08000130   0x00000008   Code   RO         2264  * !!!main             c_w.l(__main.o)
    0x08000138   0x00000034   Code   RO         2421    !!!scatter          c_w.l(__scatter.o)
    0x0800016c   0x0000001a   Code   RO         2423    !!handler_copy      c_w.l(__scatter_copy.o)
    0x08000186   0x00000002   PAD
    0x08000188   0x0000001c   Code   RO         2425    !!handler_zi        c_w.l(__scatter_zi.o)
    0x080001a4   0x00000002   Code   RO         2291    .ARM.Collect$$libinit$$00000000  c_w.l(libinit.o)
    0x080001a6   0x00000000   Code   RO         2298    .ARM.Collect$$libinit$$00000002  c_w.l(libinit2.o)
    0x080001a6   0x00000000   Code   RO         2300    .ARM.Collect$$libinit$$00000004  c_w.l(libinit2.o)
    0x080001a6   0x00000000   Code   RO         2303    .ARM.Collect$$libinit$$0000000A  c_w.l(libinit2.o)
    0x080001a6   0x00000000   Code   RO         2305    .ARM.Collect$$libinit$$0000000C  c_w.l(libinit2.o)
    0x080001a6   0x00000000   Code   RO         2307    .ARM.Collect$$libinit$$0000000E  c_w.l(libinit2.o)
    0x080001a6   0x00000000   Code   RO         2310    .ARM.Collect$$libinit$$00000011  c_w.l(libinit2.o)
    0x080001a6   0x00000000   Code   RO         2312    .ARM.Collect$$libinit$$00000013  c_w.l(libinit2.o)
    0x080001a6   0x00000000   Code   RO         2314    .ARM.Collect$$libinit$$00000015  c_w.l(libinit2.o)
    0x080001a6   0x00000000   Code   RO         2316    .ARM.Collect$$libinit$$00000017  c_w.l(libinit2.o)
    0x080001a6   0x00000000   Code   RO         2318    .ARM.Collect$$libinit$$00000019  c_w.l(libinit2.o)
    0x080001a6   0x00000000   Code   RO         2320    .ARM.Collect$$libinit$$0000001B  c_w.l(libinit2.o)
    0x080001a6   0x00000000   Code   RO         2322    .ARM.Collect$$libinit$$0000001D  c_w.l(libinit2.o)
    0x080001a6   0x00000000   Code   RO         2324    .ARM.Collect$$libinit$$0000001F  c_w.l(libinit2.o)
    0x080001a6   0x00000000   Code   RO         2326    .ARM.Collect$$libinit$$00000021  c_w.l(libinit2.o)
    0x080001a6   0x00000000   Code   RO         2328    .ARM.Collect$$libinit$$00000023  c_w.l(libinit2.o)
    0x080001a6   0x00000000   Code   RO         2330    .ARM.Collect$$libinit$$00000025  c_w.l(libinit2.o)
    0x080001a6   0x00000000   Code   RO         2334    .ARM.Collect$$libinit$$0000002C  c_w.l(libinit2.o)
    0x080001a6   0x00000000   Code   RO         2336    .ARM.Collect$$libinit$$0000002E  c_w.l(libinit2.o)
    0x080001a6   0x00000000   Code   RO         2338    .ARM.Collect$$libinit$$00000030  c_w.l(libinit2.o)
    0x080001a6   0x00000000   Code   RO         2340    .ARM.Collect$$libinit$$00000032  c_w.l(libinit2.o)
    0x080001a6   0x00000002   Code   RO         2341    .ARM.Collect$$libinit$$00000033  c_w.l(libinit2.o)
    0x080001a8   0x00000002   Code   RO         2361    .ARM.Collect$$libshutdown$$00000000  c_w.l(libshutdown.o)
    0x080001aa   0x00000000   Code   RO         2374    .ARM.Collect$$libshutdown$$00000002  c_w.l(libshutdown2.o)
    0x080001aa   0x00000000   Code   RO         2376    .ARM.Collect$$libshutdown$$00000004  c_w.l(libshutdown2.o)
    0x080001aa   0x00000000   Code   RO         2379    .ARM.Collect$$libshutdown$$00000007  c_w.l(libshutdown2.o)
    0x080001aa   0x00000000   Code   RO         2382    .ARM.Collect$$libshutdown$$0000000A  c_w.l(libshutdown2.o)
    0x080001aa   0x00000000   Code   RO         2384    .ARM.Collect$$libshutdown$$0000000C  c_w.l(libshutdown2.o)
    0x080001aa   0x00000000   Code   RO         2387    .ARM.Collect$$libshutdown$$0000000F  c_w.l(libshutdown2.o)
    0x080001aa   0x00000002   Code   RO         2388    .ARM.Collect$$libshutdown$$00000010  c_w.l(libshutdown2.o)
    0x080001ac   0x00000000   Code   RO         2266    .ARM.Collect$$rtentry$$00000000  c_w.l(__rtentry.o)
    0x080001ac   0x00000000   Code   RO         2268    .ARM.Collect$$rtentry$$00000002  c_w.l(__rtentry2.o)
    0x080001ac   0x00000006   Code   RO         2280    .ARM.Collect$$rtentry$$00000004  c_w.l(__rtentry4.o)
    0x080001b2   0x00000000   Code   RO         2270    .ARM.Collect$$rtentry$$00000009  c_w.l(__rtentry2.o)
    0x080001b2   0x00000004   Code   RO         2271    .ARM.Collect$$rtentry$$0000000A  c_w.l(__rtentry2.o)
    0x080001b6   0x00000000   Code   RO         2273    .ARM.Collect$$rtentry$$0000000C  c_w.l(__rtentry2.o)
    0x080001b6   0x00000008   Code   RO         2274    .ARM.Collect$$rtentry$$0000000D  c_w.l(__rtentry2.o)
    0x080001be   0x00000002   Code   RO         2295    .ARM.Collect$$rtexit$$00000000  c_w.l(rtexit.o)
    0x080001c0   0x00000000   Code   RO         2343    .ARM.Collect$$rtexit$$00000002  c_w.l(rtexit2.o)
    0x080001c0   0x00000004   Code   RO         2344    .ARM.Collect$$rtexit$$00000003  c_w.l(rtexit2.o)
    0x080001c4   0x00000006   Code   RO         2345    .ARM.Collect$$rtexit$$00000004  c_w.l(rtexit2.o)
    0x080001ca   0x00000002   PAD
    0x080001cc   0x00000040   Code   RO          702    .text               startup_stm32f10x_hd.o
    0x0800020c   0x0000004e   Code   RO         2260    .text               c_w.l(rt_memclr_w.o)
    0x0800025a   0x00000006   Code   RO         2262    .text               c_w.l(heapauxi.o)
    0x08000260   0x0000004a   Code   RO         2282    .text               c_w.l(sys_stackheap_outer.o)
    0x080002aa   0x00000012   Code   RO         2284    .text               c_w.l(exit.o)
    0x080002bc   0x00000008   Code   RO         2292    .text               c_w.l(libspace.o)
    0x080002c4   0x0000000c   Code   RO         2353    .text               c_w.l(sys_exit.o)
    0x080002d0   0x00000002   Code   RO         2364    .text               c_w.l(use_no_semi.o)
    0x080002d2   0x00000000   Code   RO         2366    .text               c_w.l(indicate_semi.o)
    0x080002d2   0x00000002   PAD
    0x080002d4   0x00000058   Code   RO          444    i.AMData_Tx         ampere.o
    0x0800032c   0x00000010   Code   RO          445    i.AMPara_Send       ampere.o
    0x0800033c   0x00000098   Code   RO          446    i.AMRXDATA_Extract  ampere.o
    0x080003d4   0x00000098   Code   RO          447    i.AMRxdata_Cache    ampere.o
    0x0800046c   0x00000020   Code   RO          448    i.AmpereUsart_NvicConfig  ampere.o
    0x0800048c   0x000000b8   Code   RO          449    i.Ampere_usart485_init  ampere.o
    0x08000544   0x00000004   Code   RO          107    i.BusFault_Handler  stm32f10x_it.o
    0x08000548   0x00000020   Code   RO          402    i.ButtonP_Init      button.o
    0x08000568   0x00000040   Code   RO          403    i.Button_HardInit   button.o
    0x080005a8   0x00000104   Code   RO          404    i.Button_Scan       button.o
    0x080006ac   0x00000054   Code   RO          292    i.Clear_TestSample  stepprocess.o
    0x08000700   0x0000007c   Code   RO          293    i.Com_Send          stepprocess.o
    0x0800077c   0x00000040   Code   RO          176    i.DCData_Tx         dctft.o
    0x080007bc   0x00000108   Code   RO          294    i.Data3_Send        stepprocess.o
    0x080008c4   0x000002fc   Code   RO          295    i.Data_Analy        stepprocess.o
    0x08000bc0   0x0000026c   Code   RO          296    i.Data_Deal_Send    stepprocess.o
    0x08000e2c   0x00000002   Code   RO          109    i.DebugMon_Handler  stm32f10x_it.o
    0x08000e2e   0x00000116   Code   RO          748    i.GPIO_Init         stm32f10x_gpio.o
    0x08000f44   0x00000012   Code   RO          752    i.GPIO_ReadInputDataBit  stm32f10x_gpio.o
    0x08000f56   0x0000000a   Code   RO          759    i.GPIO_WriteBit     stm32f10x_gpio.o
    0x08000f60   0x00000004   Code   RO          110    i.HardFault_Handler  stm32f10x_it.o
    0x08000f64   0x00000048   Code   RO          599    i.HintDisplay_Send  loadcode.o
    0x08000fac   0x0000001c   Code   RO          600    i.HintYinCang_Send  loadcode.o
    0x08000fc8   0x00000014   Code   RO          601    i.LoadCodeP_Init    loadcode.o
    0x08000fdc   0x000000c0   Code   RO          602    i.LoadCode_Process  loadcode.o
    0x0800109c   0x00000004   Code   RO          111    i.MemManage_Handler  stm32f10x_it.o
    0x080010a0   0x0000002c   Code   RO          587    i.Motor_GPIO_Init   motor.o
    0x080010cc   0x00000002   Code   RO          112    i.NMI_Handler       stm32f10x_it.o
    0x080010ce   0x00000002   PAD
    0x080010d0   0x00000070   Code   RO          706    i.NVIC_Init         misc.o
    0x08001140   0x00000014   Code   RO          707    i.NVIC_PriorityGroupConfig  misc.o
    0x08001154   0x00000002   Code   RO          113    i.PendSV_Handler    stm32f10x_it.o
    0x08001156   0x00000002   PAD
    0x08001158   0x00000084   Code   RO          297    i.ProgressData_Send  stepprocess.o
    0x080011dc   0x00000020   Code   RO         1844    i.RCC_APB1PeriphClockCmd  stm32f10x_rcc.o
    0x080011fc   0x00000020   Code   RO         1846    i.RCC_APB2PeriphClockCmd  stm32f10x_rcc.o
    0x0800121c   0x000000d4   Code   RO         1854    i.RCC_GetClocksFreq  stm32f10x_rcc.o
    0x080012f0   0x00000184   Code   RO          298    i.Read_Storage_Data  stepprocess.o
    0x08001474   0x00000020   Code   RO          299    i.Read_Storage_Send  stepprocess.o
    0x08001494   0x00000026   Code   RO          301    i.RecData_Deal      stepprocess.o
    0x080014ba   0x00000002   PAD
    0x080014bc   0x00000130   Code   RO          406    i.RelayGPIO_Init    button.o
    0x080015ec   0x00000088   Code   RO          177    i.Rxdata_Cache      dctft.o
    0x08001674   0x0000010c   Code   RO          178    i.Rxdata_Extract    dctft.o
    0x08001780   0x00000002   Code   RO          114    i.SVC_Handler       stm32f10x_it.o
    0x08001782   0x00000008   Code   RO          665    i.SetSysClock       system_stm32f10x.o
    0x0800178a   0x00000002   PAD
    0x0800178c   0x000000e0   Code   RO          666    i.SetSysClockTo72   system_stm32f10x.o
    0x0800186c   0x00000810   Code   RO          302    i.Start_Testing     stepprocess.o
    0x0800207c   0x00000238   Code   RO          303    i.Storage_Data      stepprocess.o
    0x080022b4   0x00000108   Code   RO          304    i.Stored_Data       stepprocess.o
    0x080023bc   0x00000028   Code   RO          710    i.SysTick_CLKSourceConfig  misc.o
    0x080023e4   0x00000002   Code   RO          115    i.SysTick_Handler   stm32f10x_it.o
    0x080023e6   0x00000002   PAD
    0x080023e8   0x00000060   Code   RO          668    i.SystemInit        system_stm32f10x.o
    0x08002448   0x0000001e   Code   RO          179    i.TFTUsart_NvicConfig  dctft.o
    0x08002466   0x00000002   PAD
    0x08002468   0x00000090   Code   RO          180    i.TFTUsart_init     dctft.o
    0x080024f8   0x00000274   Code   RO          224    i.TIM2_IRQHandler   timer.o
    0x0800276c   0x00000006   Code   RO         1304    i.TIM_ClearFlag     stm32f10x_tim.o
    0x08002772   0x00000018   Code   RO         1310    i.TIM_Cmd           stm32f10x_tim.o
    0x0800278a   0x00000022   Code   RO         1331    i.TIM_GetITStatus   stm32f10x_tim.o
    0x080027ac   0x00000012   Code   RO         1335    i.TIM_ITConfig      stm32f10x_tim.o
    0x080027be   0x0000002a   Code   RO          225    i.TIM_NVIC_Config   timer.o
    0x080027e8   0x000000a4   Code   RO         1381    i.TIM_TimeBaseInit  stm32f10x_tim.o
    0x0800288c   0x00000044   Code   RO          305    i.Test_Step_Init    stepprocess.o
    0x080028d0   0x00000028   Code   RO          306    i.TextColor_Send    stepprocess.o
    0x080028f8   0x00000052   Code   RO          226    i.Timer_Init        timer.o
    0x0800294a   0x00000002   PAD
    0x0800294c   0x00000060   Code   RO          181    i.USART1_IRQHandler  dctft.o
    0x080029ac   0x00000064   Code   RO          450    i.USART2_IRQHandler  ampere.o
    0x08002a10   0x00000058   Code   RO          507    i.USART3_IRQHandler  htusart.o
    0x08002a68   0x0000001e   Code   RO         1001    i.USART_ClearITPendingBit  stm32f10x_usart.o
    0x08002a86   0x00000018   Code   RO         1004    i.USART_Cmd         stm32f10x_usart.o
    0x08002a9e   0x0000001a   Code   RO         1007    i.USART_GetFlagStatus  stm32f10x_usart.o
    0x08002ab8   0x00000054   Code   RO         1008    i.USART_GetITStatus  stm32f10x_usart.o
    0x08002b0c   0x0000004a   Code   RO         1010    i.USART_ITConfig    stm32f10x_usart.o
    0x08002b56   0x00000002   PAD
    0x08002b58   0x000000d8   Code   RO         1011    i.USART_Init        stm32f10x_usart.o
    0x08002c30   0x0000000a   Code   RO         1018    i.USART_ReceiveData  stm32f10x_usart.o
    0x08002c3a   0x00000008   Code   RO         1021    i.USART_SendData    stm32f10x_usart.o
    0x08002c42   0x00000004   Code   RO          116    i.UsageFault_Handler  stm32f10x_it.o
    0x08002c46   0x00000002   PAD
    0x08002c48   0x00000038   Code   RO          451    i.crc16             ampere.o
    0x08002c80   0x00000038   Code   RO          561    i.delay_init        delay.o
    0x08002cb8   0x0000004c   Code   RO          563    i.delay_us          delay.o
    0x08002d04   0x00000064   Code   RO          508    i.htData_Analyze    htusart.o
    0x08002d68   0x00000040   Code   RO          509    i.htData_Tx         htusart.o
    0x08002da8   0x000001cc   Code   RO          510    i.htData_Use        htusart.o
    0x08002f74   0x00000022   Code   RO          511    i.htUsart_NvicConfig  htusart.o
    0x08002f96   0x00000002   PAD
    0x08002f98   0x0000009c   Code   RO          512    i.ht_usart_Init     htusart.o
    0x08003034   0x00000084   Code   RO            1    i.main              main.o
    0x080030b8   0x00000034   Code   RO            3    i.test              main.o
    0x080030ec   0x00000200   Data   RO          453    .constdata          ampere.o
    0x080032ec   0x00000020   Data   RO         2419    Region$$Table       anon$$obj.o


    Execution Region RW_IRAM1 (Base: 0x20000000, Size: 0x000019f0, Max: 0x00010000, ABSOLUTE)

    Base Addr    Size         Type   Attr      Idx    E Section Name        Object

    0x20000000   0x00000004   Data   RW          227    .data               timer.o
    0x20000004   0x0000006a   Data   RW          308    .data               stepprocess.o
    0x2000006e   0x00000008   Data   RW          454    .data               ampere.o
    0x20000076   0x00000001   Data   RW          514    .data               htusart.o
    0x20000077   0x00000001   PAD
    0x20000078   0x00000008   Data   RW          564    .data               delay.o
    0x20000080   0x00000030   Data   RW          604    .data               loadcode.o
    0x200000b0   0x00000014   Data   RW          669    .data               system_stm32f10x.o
    0x200000c4   0x00000014   Data   RW         1874    .data               stm32f10x_rcc.o
    0x200000d8   0x00000c28   Zero   RW          182    .bss                dctft.o
    0x20000d00   0x00000478   Zero   RW          260    .bss                dataflash.o
    0x20001178   0x00000090   Zero   RW          307    .bss                stepprocess.o
    0x20001208   0x00000038   Zero   RW          407    .bss                button.o
    0x20001240   0x00000110   Zero   RW          452    .bss                ampere.o
    0x20001350   0x00000030   Zero   RW          513    .bss                htusart.o
    0x20001380   0x00000010   Zero   RW          603    .bss                loadcode.o
    0x20001390   0x00000060   Zero   RW         2293    .bss                c_w.l(libspace.o)
    0x200013f0   0x00000200   Zero   RW          700    HEAP                startup_stm32f10x_hd.o
    0x200015f0   0x00000400   Zero   RW          699    STACK               startup_stm32f10x_hd.o


==============================================================================

Image component sizes


      Code (inc. data)   RO Data    RW Data    ZI Data      Debug   Object Name

       780         58        512          8        272       5658   ampere.o
       660         44          0          0         56       3922   button.o
         0          0          0          0          0         32   core_cm3.o
         0          0          0          0       1144       1752   dataflash.o
       738         42          0          0       3112       4471   dctft.o
       132         20          0          8          0       1132   delay.o
       902         54          0          1         48       4076   htusart.o
       312         48          0         48         16       3078   loadcode.o
       184         16          0          0          0     233302   main.o
       172         22          0          0          0       1921   misc.o
        44          6          0          0          0        462   motor.o
        64         26        304          0       1536        804   startup_stm32f10x_hd.o
      5450        262          0        106        144      12353   stepprocess.o
       306          0          0          0          0       3036   stm32f10x_gpio.o
        26          0          0          0          0       3566   stm32f10x_it.o
       276         32          0         20          0       4270   stm32f10x_rcc.o
       246         42          0          0          0       3338   stm32f10x_tim.o
       472          6          0          0          0       6519   stm32f10x_usart.o
       328         28          0         20          0       2113   system_stm32f10x.o
       752         36          0          4          0      22317   timer.o

    ----------------------------------------------------------------------
     11864        742        848        216       6328     318122   Object Totals
         0          0         32          0          0          0   (incl. Generated)
        20          0          0          1          0          0   (incl. Padding)

    ----------------------------------------------------------------------

      Code (inc. data)   RO Data    RW Data    ZI Data      Debug   Library Member Name

         8          0          0          0          0         68   __main.o
         0          0          0          0          0          0   __rtentry.o
        12          0          0          0          0          0   __rtentry2.o
         6          0          0          0          0          0   __rtentry4.o
        52          8          0          0          0          0   __scatter.o
        26          0          0          0          0          0   __scatter_copy.o
        28          0          0          0          0          0   __scatter_zi.o
        18          0          0          0          0         80   exit.o
         6          0          0          0          0        152   heapauxi.o
         0          0          0          0          0          0   indicate_semi.o
         2          0          0          0          0          0   libinit.o
         2          0          0          0          0          0   libinit2.o
         2          0          0          0          0          0   libshutdown.o
         2          0          0          0          0          0   libshutdown2.o
         8          4          0          0         96         68   libspace.o
        78          0          0          0          0         80   rt_memclr_w.o
         2          0          0          0          0          0   rtexit.o
        10          0          0          0          0          0   rtexit2.o
        12          4          0          0          0         68   sys_exit.o
        74          0          0          0          0         80   sys_stackheap_outer.o
         2          0          0          0          0         68   use_no_semi.o

    ----------------------------------------------------------------------
       356         16          0          0         96        664   Library Totals
         6          0          0          0          0          0   (incl. Padding)

    ----------------------------------------------------------------------

      Code (inc. data)   RO Data    RW Data    ZI Data      Debug   Library Name

       350         16          0          0         96        664   c_w.l

    ----------------------------------------------------------------------
       356         16          0          0         96        664   Library Totals

    ----------------------------------------------------------------------

==============================================================================


      Code (inc. data)   RO Data    RW Data    ZI Data      Debug   

     12220        758        848        216       6424     314414   Grand Totals
     12220        758        848        216       6424     314414   ELF Image Totals
     12220        758        848        216          0          0   ROM Totals

==============================================================================

    Total RO  Size (Code + RO Data)                13068 (  12.76kB)
    Total RW  Size (RW Data + ZI Data)              6640 (   6.48kB)
    Total ROM Size (Code + RO Data + RW Data)      13284 (  12.97kB)

==============================================================================

